Archive member included to satisfy reference by file (symbol)

d:/programms/stm/stm32cubeide_1.6.1/stm32cubeide/plugins/com.st.stm32cube.ide.mcu.externaltools.gnu-tools-for-stm32.9-2020-q2-update.win32_2.0.0.202105311346/tools/bin/../lib/gcc/arm-none-eabi/9.3.1/../../../../arm-none-eabi/lib/thumb/v7e-m+fp/hard\libc_nano.a(lib_a-errno.o)
                              ./Core/Src/syscalls.o (__errno)
d:/programms/stm/stm32cubeide_1.6.1/stm32cubeide/plugins/com.st.stm32cube.ide.mcu.externaltools.gnu-tools-for-stm32.9-2020-q2-update.win32_2.0.0.202105311346/tools/bin/../lib/gcc/arm-none-eabi/9.3.1/../../../../arm-none-eabi/lib/thumb/v7e-m+fp/hard\libc_nano.a(lib_a-exit.o)
                              d:/programms/stm/stm32cubeide_1.6.1/stm32cubeide/plugins/com.st.stm32cube.ide.mcu.externaltools.gnu-tools-for-stm32.9-2020-q2-update.win32_2.0.0.202105311346/tools/bin/../lib/gcc/arm-none-eabi/9.3.1/../../../../arm-none-eabi/lib/thumb/v7e-m+fp/hard/crt0.o (exit)
d:/programms/stm/stm32cubeide_1.6.1/stm32cubeide/plugins/com.st.stm32cube.ide.mcu.externaltools.gnu-tools-for-stm32.9-2020-q2-update.win32_2.0.0.202105311346/tools/bin/../lib/gcc/arm-none-eabi/9.3.1/../../../../arm-none-eabi/lib/thumb/v7e-m+fp/hard\libc_nano.a(lib_a-impure.o)
                              d:/programms/stm/stm32cubeide_1.6.1/stm32cubeide/plugins/com.st.stm32cube.ide.mcu.externaltools.gnu-tools-for-stm32.9-2020-q2-update.win32_2.0.0.202105311346/tools/bin/../lib/gcc/arm-none-eabi/9.3.1/../../../../arm-none-eabi/lib/thumb/v7e-m+fp/hard\libc_nano.a(lib_a-exit.o) (_global_impure_ptr)
d:/programms/stm/stm32cubeide_1.6.1/stm32cubeide/plugins/com.st.stm32cube.ide.mcu.externaltools.gnu-tools-for-stm32.9-2020-q2-update.win32_2.0.0.202105311346/tools/bin/../lib/gcc/arm-none-eabi/9.3.1/../../../../arm-none-eabi/lib/thumb/v7e-m+fp/hard\libc_nano.a(lib_a-init.o)
                              d:/programms/stm/stm32cubeide_1.6.1/stm32cubeide/plugins/com.st.stm32cube.ide.mcu.externaltools.gnu-tools-for-stm32.9-2020-q2-update.win32_2.0.0.202105311346/tools/bin/../lib/gcc/arm-none-eabi/9.3.1/../../../../arm-none-eabi/lib/thumb/v7e-m+fp/hard/crt0.o (__libc_init_array)
d:/programms/stm/stm32cubeide_1.6.1/stm32cubeide/plugins/com.st.stm32cube.ide.mcu.externaltools.gnu-tools-for-stm32.9-2020-q2-update.win32_2.0.0.202105311346/tools/bin/../lib/gcc/arm-none-eabi/9.3.1/../../../../arm-none-eabi/lib/thumb/v7e-m+fp/hard\libc_nano.a(lib_a-malloc.o)
                              ./Core/Src/main.o (malloc)
d:/programms/stm/stm32cubeide_1.6.1/stm32cubeide/plugins/com.st.stm32cube.ide.mcu.externaltools.gnu-tools-for-stm32.9-2020-q2-update.win32_2.0.0.202105311346/tools/bin/../lib/gcc/arm-none-eabi/9.3.1/../../../../arm-none-eabi/lib/thumb/v7e-m+fp/hard\libc_nano.a(lib_a-memset.o)
                              d:/programms/stm/stm32cubeide_1.6.1/stm32cubeide/plugins/com.st.stm32cube.ide.mcu.externaltools.gnu-tools-for-stm32.9-2020-q2-update.win32_2.0.0.202105311346/tools/bin/../lib/gcc/arm-none-eabi/9.3.1/../../../../arm-none-eabi/lib/thumb/v7e-m+fp/hard/crt0.o (memset)
d:/programms/stm/stm32cubeide_1.6.1/stm32cubeide/plugins/com.st.stm32cube.ide.mcu.externaltools.gnu-tools-for-stm32.9-2020-q2-update.win32_2.0.0.202105311346/tools/bin/../lib/gcc/arm-none-eabi/9.3.1/../../../../arm-none-eabi/lib/thumb/v7e-m+fp/hard\libc_nano.a(lib_a-nano-freer.o)
                              d:/programms/stm/stm32cubeide_1.6.1/stm32cubeide/plugins/com.st.stm32cube.ide.mcu.externaltools.gnu-tools-for-stm32.9-2020-q2-update.win32_2.0.0.202105311346/tools/bin/../lib/gcc/arm-none-eabi/9.3.1/../../../../arm-none-eabi/lib/thumb/v7e-m+fp/hard\libc_nano.a(lib_a-malloc.o) (_free_r)
d:/programms/stm/stm32cubeide_1.6.1/stm32cubeide/plugins/com.st.stm32cube.ide.mcu.externaltools.gnu-tools-for-stm32.9-2020-q2-update.win32_2.0.0.202105311346/tools/bin/../lib/gcc/arm-none-eabi/9.3.1/../../../../arm-none-eabi/lib/thumb/v7e-m+fp/hard\libc_nano.a(lib_a-nano-mallocr.o)
                              d:/programms/stm/stm32cubeide_1.6.1/stm32cubeide/plugins/com.st.stm32cube.ide.mcu.externaltools.gnu-tools-for-stm32.9-2020-q2-update.win32_2.0.0.202105311346/tools/bin/../lib/gcc/arm-none-eabi/9.3.1/../../../../arm-none-eabi/lib/thumb/v7e-m+fp/hard\libc_nano.a(lib_a-malloc.o) (_malloc_r)
d:/programms/stm/stm32cubeide_1.6.1/stm32cubeide/plugins/com.st.stm32cube.ide.mcu.externaltools.gnu-tools-for-stm32.9-2020-q2-update.win32_2.0.0.202105311346/tools/bin/../lib/gcc/arm-none-eabi/9.3.1/../../../../arm-none-eabi/lib/thumb/v7e-m+fp/hard\libc_nano.a(lib_a-rand.o)
                              ./Core/Src/main.o (srand)
d:/programms/stm/stm32cubeide_1.6.1/stm32cubeide/plugins/com.st.stm32cube.ide.mcu.externaltools.gnu-tools-for-stm32.9-2020-q2-update.win32_2.0.0.202105311346/tools/bin/../lib/gcc/arm-none-eabi/9.3.1/../../../../arm-none-eabi/lib/thumb/v7e-m+fp/hard\libc_nano.a(lib_a-sbrkr.o)
[...]
Memory Configuration

Name             Origin             Length             Attributes
CCMRAM           0x0000000010000000 0x0000000000010000 xrw
RAM              0x0000000020000000 0x0000000000030000 xrw
FLASH            0x0000000008000000 0x0000000000200000 xr
*default*        0x0000000000000000 0xffffffffffffffff

Linker script and memory map

LOAD d:/programms/stm/stm32cubeide_1.6.1/stm32cubeide/plugins/com.st.stm32cube.ide.mcu.externaltools.gnu-tools-for-stm32.9-2020-q2-update.win32_2.0.0.202105311346/tools/bin/../lib/gcc/arm-none-eabi/9.3.1/thumb/v7e-m+fp/hard/crti.o
LOAD d:/programms/stm/stm32cubeide_1.6.1/stm32cubeide/plugins/com.st.stm32cube.ide.mcu.externaltools.gnu-tools-for-stm32.9-2020-q2-update.win32_2.0.0.202105311346/tools/bin/../lib/gcc/arm-none-eabi/9.3.1/thumb/v7e-m+fp/hard/crtbegin.o
LOAD d:/programms/stm/stm32cubeide_1.6.1/stm32cubeide/plugins/com.st.stm32cube.ide.mcu.externaltools.gnu-tools-for-stm32.9-2020-q2-update.win32_2.0.0.202105311346/tools/bin/../lib/gcc/arm-none-eabi/9.3.1/../../../../arm-none-eabi/lib/thumb/v7e-m+fp/hard/crt0.o
LOAD ./Core/Src/fonts.o
LOAD ./Core/Src/main.o
LOAD ./Core/Src/ssd1306.o
LOAD ./Core/Src/stm32f4xx_hal_msp.o
LOAD ./Core/Src/stm32f4xx_it.o
LOAD ./Core/Src/syscalls.o
LOAD ./Core/Src/sysmem.o
LOAD ./Core/Src/system_stm32f4xx.o
LOAD ./Core/Startup/startup_stm32f429zitx.o
LOAD ./Drivers/STM32F4xx_HAL_Driver/Src/stm32f4xx_hal.o
LOAD ./Drivers/STM32F4xx_HAL_Driver/Src/stm32f4xx_hal_cortex.o
LOAD ./Drivers/STM32F4xx_HAL_Driver/Src/stm32f4xx_hal_dma.o
LOAD ./Drivers/STM32F4xx_HAL_Driver/Src/stm32f4xx_hal_dma_ex.o
LOAD ./Drivers/STM32F4xx_HAL_Driver/Src/stm32f4xx_hal_exti.o
LOAD ./Drivers/STM32F4xx_HAL_Driver/Src/stm32f4xx_hal_flash.o
LOAD ./Drivers/STM32F4xx_HAL_Driver/Src/stm32f4xx_hal_flash_ex.o
LOAD ./Drivers/STM32F4xx_HAL_Driver/Src/stm32f4xx_hal_flash_ramfunc.o
LOAD ./Drivers/STM32F4xx_HAL_Driver/Src/stm32f4xx_hal_gpio.o
LOAD ./Drivers/STM32F4xx_HAL_Driver/Src/stm32f4xx_hal_i2c.o
LOAD ./Drivers/STM32F4xx_HAL_Driver/Src/stm32f4xx_hal_i2c_ex.o
LOAD ./Drivers/STM32F4xx_HAL_Driver/Src/stm32f4xx_hal_pwr.o
LOAD ./Drivers/STM32F4xx_HAL_Driver/Src/stm32f4xx_hal_pwr_ex.o
LOAD ./Drivers/STM32F4xx_HAL_Driver/Src/stm32f4xx_hal_rcc.o
LOAD ./Drivers/STM32F4xx_HAL_Driver/Src/stm32f4xx_hal_rcc_ex.o
LOAD ./Drivers/STM32F4xx_HAL_Driver/Src/stm32f4xx_hal_rng.o
LOAD ./Drivers/STM32F4xx_HAL_Driver/Src/stm32f4xx_hal_tim.o
LOAD ./Drivers/STM32F4xx_HAL_Driver/Src/stm32f4xx_hal_tim_ex.o
START GROUP
LOAD d:/programms/stm/stm32cubeide_1.6.1/stm32cubeide/plugins/com.st.stm32cube.ide.mcu.externaltools.gnu-tools-for-stm32.9-2020-q2-update.win32_2.0.0.202105311346/tools/bin/../lib/gcc/arm-none-eabi/9.3.1/../../../../arm-none-eabi/lib/thumb/v7e-m+fp/hard\libc_nano.a
LOAD d:/programms/stm/stm32cubeide_1.6.1/stm32cubeide/plugins/com.st.stm32cube.ide.mcu.externaltools.gnu-tools-for-stm32.9-2020-q2-update.win32_2.0.0.202105311346/tools/bin/../lib/gcc/arm-none-eabi/9.3.1/../../../../arm-none-eabi/lib/thumb/v7e-m+fp/hard\libm.a
END GROUP
START GROUP
LOAD d:/programms/stm/stm32cubeide_1.6.1/stm32cubeide/plugins/com.st.stm32cube.ide.mcu.externaltools.gnu-tools-for-stm32.9-2020-q2-update.win32_2.0.0.202105311346/tools/bin/../lib/gcc/arm-none-eabi/9.3.1/thumb/v7e-m+fp/hard\libgcc.a
LOAD d:/programms/stm/stm32cubeide_1.6.1/stm32cubeide/plugins/com.st.stm32cube.ide.mcu.externaltools.gnu-tools-for-stm32.9-2020-q2-update.win32_2.0.0.202105311346/tools/bin/../lib/gcc/arm-none-eabi/9.3.1/../../../../arm-none-eabi/lib/thumb/v7e-m+fp/hard\libc_nano.a
END GROUP
START GROUP
LOAD d:/programms/stm/stm32cubeide_1.6.1/stm32cubeide/plugins/com.st.stm32cube.ide.mcu.externaltools.gnu-tools-for-stm32.9-2020-q2-update.win32_2.0.0.202105311346/tools/bin/../lib/gcc/arm-none-eabi/9.3.1/thumb/v7e-m+fp/hard\libgcc.a
LOAD d:/programms/stm/stm32cubeide_1.6.1/stm32cubeide/plugins/com.st.stm32cube.ide.mcu.externaltools.gnu-tools-for-stm32.9-2020-q2-update.win32_2.0.0.202105311346/tools/bin/../lib/gcc/arm-none-eabi/9.3.1/../../../../arm-none-eabi/lib/thumb/v7e-m+fp/hard\libc_nano.a
LOAD d:/programms/stm/stm32cubeide_1.6.1/stm32cubeide/plugins/com.st.stm32cube.ide.mcu.externaltools.gnu-tools-for-stm32.9-2020-q2-update.win32_2.0.0.202105311346/tools/bin/../lib/gcc/arm-none-eabi/9.3.1/../../../../arm-none-eabi/lib/thumb/v7e-m+fp/hard\libnosys.a
END GROUP
START GROUP
LOAD d:/programms/stm/stm32cubeide_1.6.1/stm32cubeide/plugins/com.st.stm32cube.ide.mcu.externaltools.gnu-tools-for-stm32.9-2020-q2-update.win32_2.0.0.202105311346/tools/bin/../lib/gcc/arm-none-eabi/9.3.1/thumb/v7e-m+fp/hard\libgcc.a
LOAD d:/programms/stm/stm32cubeide_1.6.1/stm32cubeide/plugins/com.st.stm32cube.ide.mcu.externaltools.gnu-tools-for-stm32.9-2020-q2-update.win32_2.0.0.202105311346/tools/bin/../lib/gcc/arm-none-eabi/9.3.1/../../../../arm-none-eabi/lib/thumb/v7e-m+fp/hard\libc_nano.a
LOAD d:/programms/stm/stm32cubeide_1.6.1/stm32cubeide/plugins/com.st.stm32cube.ide.mcu.externaltools.gnu-tools-for-stm32.9-2020-q2-update.win32_2.0.0.202105311346/tools/bin/../lib/gcc/arm-none-eabi/9.3.1/../../../../arm-none-eabi/lib/thumb/v7e-m+fp/hard\libnosys.a
END GROUP
LOAD d:/programms/stm/stm32cubeide_1.6.1/stm32cubeide/plugins/com.st.stm32cube.ide.mcu.externaltools.gnu-tools-for-stm32.9-2020-q2-update.win32_2.0.0.202105311346/tools/bin/../lib/gcc/arm-none-eabi/9.3.1/thumb/v7e-m+fp/hard/crtend.o
LOAD d:/programms/stm/stm32cubeide_1.6.1/stm32cubeide/plugins/com.st.stm32cube.ide.mcu.externaltools.gnu-tools-for-stm32.9-2020-q2-update.win32_2.0.0.202105311346/tools/bin/../lib/gcc/arm-none-eabi/9.3.1/thumb/v7e-m+fp/hard/crtn.o
                0x0000000020030000                _estack = (ORIGIN (RAM) + LENGTH (RAM))
                0x0000000000000200                _Min_Heap_Size = 0x200
                0x0000000000000400                _Min_Stack_Size = 0x400

.isr_vector     0x0000000008000000      0x1ac
                0x0000000008000000                . = ALIGN (0x4)
 *(.isr_vector)
 .isr_vector    0x0000000008000000      0x1ac ./Core/Startup/startup_stm32f429zitx.o
                0x0000000008000000                g_pfnVectors
                0x00000000080001ac                . = ALIGN (0x4)

.text           0x00000000080001b0     0x3768
                0x00000000080001b0                . = ALIGN (0x4)
 *(.text)
 .text          0x00000000080001b0       0x40 d:/programms/stm/stm32cubeide_1.6.1/stm32cubeide/plugins/com.st.stm32cube.ide.mcu.externaltools.gnu-tools-for-stm32.9-2020-q2-update.win32_2.0.0.202105311346/tools/bin/../lib/gcc/arm-none-eabi/9.3.1/thumb/v7e-m+fp/hard/crtbegin.o
 .text          0x00000000080001f0       0xa0 d:/programms/stm/stm32cubeide_1.6.1/stm32cubeide/plugins/com.st.stm32cube.ide.mcu.externaltools.gnu-tools-for-stm32.9-2020-q2-update.win32_2.0.0.202105311346/tools/bin/../lib/gcc/arm-none-eabi/9.3.1/../../../../arm-none-eabi/lib/thumb/v7e-m+fp/hard\libc_nano.a(lib_a-memchr.o)
                0x00000000080001f0                memchr
 .text          0x0000000008000290       0x30 d:/programms/stm/stm32cubeide_1.6.1/stm32cubeide/plugins/com.st.stm32cube.ide.mcu.externaltools.gnu-tools-for-stm32.9-2020-q2-update.win32_2.0.0.202105311346/tools/bin/../lib/gcc/arm-none-eabi/9.3.1/thumb/v7e-m+fp/hard\libgcc.a(_aeabi_uldivmod.o)
                0x0000000008000290                __aeabi_uldivmod
 .text          0x00000000080002c0      0x2c4 d:/programms/stm/stm32cubeide_1.6.1/stm32cubeide/plugins/com.st.stm32cube.ide.mcu.externaltools.gnu-tools-for-stm32.9-2020-q2-update.win32_2.0.0.202105311346/tools/bin/../lib/gcc/arm-none-eabi/9.3.1/thumb/v7e-m+fp/hard\libgcc.a(_udivmoddi4.o)
                0x00000000080002c0                __udivmoddi4
 .text          0x0000000008000584        0x4 d:/programms/stm/stm32cubeide_1.6.1/stm32cubeide/plugins/com.st.stm32cube.ide.mcu.externaltools.gnu-tools-for-stm32.9-2020-q2-update.win32_2.0.0.202105311346/tools/bin/../lib/gcc/arm-none-eabi/9.3.1/thumb/v7e-m+fp/hard\libgcc.a(_dvmd_tls.o)
                0x0000000008000584                __aeabi_idiv0
                0x0000000008000584                __aeabi_ldiv0
 *(.text*)
 .text.MX_GPIO_Init
                0x0000000008000588      0x19c ./Core/Src/main.o
 .text.rand_comb
                0x0000000008000724       0x8c ./Core/Src/main.o
                0x0000000008000724                rand_comb
 .text.conv_dec_to_char
                0x00000000080007b0       0x3c ./Core/Src/main.o
                0x00000000080007b0                conv_dec_to_char
 .text.rep_comb
                0x00000000080007ec       0x94 ./Core/Src/main.o
                0x00000000080007ec                rep_comb
 .text.examination
                0x0000000008000880       0x26 ./Core/Src/main.o
                0x0000000008000880                examination
 *fill*         0x00000000080008a6        0x2 
 .text.lose     0x00000000080008a8       0x5c ./Core/Src/main.o
                0x00000000080008a8                lose
 .text.clear_screen
                0x0000000008000904       0x18 ./Core/Src/main.o
                0x0000000008000904                clear_screen
 .text.Error_Handler
                0x000000000800091c        0x4 ./Core/Src/main.o
                0x000000000800091c                Error_Handler
 .text.MX_RNG_Init
                0x0000000008000920       0x1c ./Core/Src/main.o
 .text.MX_I2C1_Init
                0x000000000800093c       0x54 ./Core/Src/main.o
 .text.SystemClock_Config
                0x0000000008000990       0xa4 ./Core/Src/main.o
                0x0000000008000990                SystemClock_Config
 .text.main     0x0000000008000a34      0x384 ./Core/Src/main.o
                0x0000000008000a34                main
 .text.SSD1306_Fill
                0x0000000008000db8       0x1c ./Core/Src/ssd1306.o
                0x0000000008000db8                SSD1306_Fill
 .text.SSD1306_DrawPixel
                0x0000000008000dd4       0x54 ./Core/Src/ssd1306.o
                0x0000000008000dd4                SSD1306_DrawPixel
 .text.SSD1306_DrawBitmap
                0x0000000008000e28       0x94 ./Core/Src/ssd1306.o
                0x0000000008000e28                SSD1306_DrawBitmap
 .text.SSD1306_GotoXY
                0x0000000008000ebc        0xc ./Core/Src/ssd1306.o
                0x0000000008000ebc                SSD1306_GotoXY
 .text.SSD1306_Putc
                0x0000000008000ec8       0x9c ./Core/Src/ssd1306.o
                0x0000000008000ec8                SSD1306_Putc
 .text.SSD1306_Puts
                0x0000000008000f64       0x22 ./Core/Src/ssd1306.o
                0x0000000008000f64                SSD1306_Puts
 .text.SSD1306_DrawLine
                0x0000000008000f86      0x13e ./Core/Src/ssd1306.o
                0x0000000008000f86                SSD1306_DrawLine
 .text.SSD1306_DrawFilledRectangle
                0x00000000080010c4       0x62 ./Core/Src/ssd1306.o
                0x00000000080010c4                SSD1306_DrawFilledRectangle
 *fill*         0x0000000008001126        0x2 
 .text.ssd1306_I2C_WriteMulti
                0x0000000008001128       0x38 ./Core/Src/ssd1306.o
                0x0000000008001128                ssd1306_I2C_WriteMulti
 .text.ssd1306_I2C_Write
                0x0000000008001160       0x28 ./Core/Src/ssd1306.o
                0x0000000008001160                ssd1306_I2C_Write
 .text.SSD1306_UpdateScreen
                0x0000000008001188       0x48 ./Core/Src/ssd1306.o
                0x0000000008001188                SSD1306_UpdateScreen
 .text.SSD1306_Init
                0x00000000080011d0      0x168 ./Core/Src/ssd1306.o
                0x00000000080011d0                SSD1306_Init
 .text.HAL_MspInit
                0x0000000008001338       0x38 ./Core/Src/stm32f4xx_hal_msp.o
                0x0000000008001338                HAL_MspInit
 .text.HAL_I2C_MspInit
                0x0000000008001370       0x70 ./Core/Src/stm32f4xx_hal_msp.o
                0x0000000008001370                HAL_I2C_MspInit
 .text.HAL_RNG_MspInit
                0x00000000080013e0       0x44 ./Core/Src/stm32f4xx_hal_msp.o
                0x00000000080013e0                HAL_RNG_MspInit
 .text.NMI_Handler
                0x0000000008001424        0x2 ./Core/Src/stm32f4xx_it.o
                0x0000000008001424                NMI_Handler
 .text.HardFault_Handler
                0x0000000008001426        0x2 ./Core/Src/stm32f4xx_it.o
                0x0000000008001426                HardFault_Handler
 .text.MemManage_Handler
                0x0000000008001428        0x2 ./Core/Src/stm32f4xx_it.o
                0x0000000008001428                MemManage_Handler
 .text.BusFault_Handler
                0x000000000800142a        0x2 ./Core/Src/stm32f4xx_it.o
                0x000000000800142a                BusFault_Handler
 .text.UsageFault_Handler
                0x000000000800142c        0x2 ./Core/Src/stm32f4xx_it.o
                0x000000000800142c                UsageFault_Handler
 .text.SVC_Handler
                0x000000000800142e        0x2 ./Core/Src/stm32f4xx_it.o
                0x000000000800142e                SVC_Handler
 .text.DebugMon_Handler
                0x0000000008001430        0x2 ./Core/Src/stm32f4xx_it.o
                0x0000000008001430                DebugMon_Handler
 .text.PendSV_Handler
                0x0000000008001432        0x2 ./Core/Src/stm32f4xx_it.o
                0x0000000008001432                PendSV_Handler
 .text.SysTick_Handler
                0x0000000008001434        0x8 ./Core/Src/stm32f4xx_it.o
                0x0000000008001434                SysTick_Handler
 .text.HASH_RNG_IRQHandler
                0x000000000800143c       0x10 ./Core/Src/stm32f4xx_it.o
                0x000000000800143c                HASH_RNG_IRQHandler
 .text._getpid  0x000000000800144c        0x4 ./Core/Src/syscalls.o
                0x000000000800144c                _getpid
 .text._kill    0x0000000008001450       0x10 ./Core/Src/syscalls.o
                0x0000000008001450                _kill
 .text._exit    0x0000000008001460        0xc ./Core/Src/syscalls.o
                0x0000000008001460                _exit
 .text._read    0x000000000800146c       0x20 ./Core/Src/syscalls.o
                0x000000000800146c                _read
 .text._write   0x000000000800148c       0x1c ./Core/Src/syscalls.o
                0x000000000800148c                _write
 .text._close   0x00000000080014a8        0x6 ./Core/Src/syscalls.o
                0x00000000080014a8                _close
 .text._fstat   0x00000000080014ae        0xa ./Core/Src/syscalls.o
                0x00000000080014ae                _fstat
 .text._isatty  0x00000000080014b8        0x4 ./Core/Src/syscalls.o
                0x00000000080014b8                _isatty
 .text._lseek   0x00000000080014bc        0x4 ./Core/Src/syscalls.o
                0x00000000080014bc                _lseek
 .text._sbrk    0x00000000080014c0       0x48 ./Core/Src/sysmem.o
                0x00000000080014c0                _sbrk
 .text.SystemInit
                0x0000000008001508       0x14 ./Core/Src/system_stm32f4xx.o
                0x0000000008001508                SystemInit
 .text.Reset_Handler
                0x000000000800151c       0x50 ./Core/Startup/startup_stm32f429zitx.o
                0x000000000800151c                Reset_Handler
 .text.Default_Handler
                0x000000000800156c        0x2 ./Core/Startup/startup_stm32f429zitx.o
                0x000000000800156c                RTC_Alarm_IRQHandler
                0x000000000800156c                EXTI2_IRQHandler
                0x000000000800156c                TIM8_CC_IRQHandler
                0x000000000800156c                UART8_IRQHandler
                0x000000000800156c                SPI4_IRQHandler
                0x000000000800156c                TIM1_CC_IRQHandler
                0x000000000800156c                DMA2_Stream5_IRQHandler
                0x000000000800156c                DMA1_Stream5_IRQHandler
                0x000000000800156c                PVD_IRQHandler
                0x000000000800156c                SDIO_IRQHandler
                0x000000000800156c                TAMP_STAMP_IRQHandler
                0x000000000800156c                CAN2_RX1_IRQHandler
                0x000000000800156c                EXTI3_IRQHandler
                0x000000000800156c                TIM8_TRG_COM_TIM14_IRQHandler
                0x000000000800156c                TIM1_UP_TIM10_IRQHandler
                0x000000000800156c                TIM8_UP_TIM13_IRQHandler
                0x000000000800156c                I2C3_ER_IRQHandler
                0x000000000800156c                EXTI0_IRQHandler
                0x000000000800156c                I2C2_EV_IRQHandler
                0x000000000800156c                DMA1_Stream2_IRQHandler
                0x000000000800156c                CAN1_RX0_IRQHandler
                0x000000000800156c                FPU_IRQHandler
                0x000000000800156c                OTG_HS_WKUP_IRQHandler
                0x000000000800156c                LTDC_ER_IRQHandler
                0x000000000800156c                CAN2_SCE_IRQHandler
                0x000000000800156c                DMA2_Stream2_IRQHandler
                0x000000000800156c                SPI1_IRQHandler
                0x000000000800156c                TIM6_DAC_IRQHandler
                0x000000000800156c                TIM1_BRK_TIM9_IRQHandler
                0x000000000800156c                DCMI_IRQHandler
                0x000000000800156c                CAN2_RX0_IRQHandler
                0x000000000800156c                DMA2_Stream3_IRQHandler
                0x000000000800156c                USART6_IRQHandler
                0x000000000800156c                USART3_IRQHandler
                0x000000000800156c                CAN1_RX1_IRQHandler
                0x000000000800156c                UART5_IRQHandler
                0x000000000800156c                DMA2_Stream0_IRQHandler
                0x000000000800156c                TIM4_IRQHandler
                0x000000000800156c                I2C1_EV_IRQHandler
                0x000000000800156c                DMA1_Stream6_IRQHandler
                0x000000000800156c                DMA1_Stream1_IRQHandler
                0x000000000800156c                UART4_IRQHandler
                0x000000000800156c                TIM3_IRQHandler
                0x000000000800156c                RCC_IRQHandler
                0x000000000800156c                TIM8_BRK_TIM12_IRQHandler
                0x000000000800156c                Default_Handler
                0x000000000800156c                EXTI15_10_IRQHandler
                0x000000000800156c                ADC_IRQHandler
                0x000000000800156c                DMA1_Stream7_IRQHandler
                0x000000000800156c                SPI5_IRQHandler
                0x000000000800156c                TIM7_IRQHandler
                0x000000000800156c                CAN2_TX_IRQHandler
                0x000000000800156c                TIM5_IRQHandler
                0x000000000800156c                DMA2_Stream7_IRQHandler
                0x000000000800156c                I2C3_EV_IRQHandler
                0x000000000800156c                EXTI9_5_IRQHandler
                0x000000000800156c                RTC_WKUP_IRQHandler
                0x000000000800156c                LTDC_IRQHandler
                0x000000000800156c                ETH_WKUP_IRQHandler
                0x000000000800156c                SPI2_IRQHandler
                0x000000000800156c                OTG_HS_EP1_IN_IRQHandler
                0x000000000800156c                DMA1_Stream0_IRQHandler
                0x000000000800156c                CAN1_TX_IRQHandler
                0x000000000800156c                EXTI4_IRQHandler
                0x000000000800156c                ETH_IRQHandler
                0x000000000800156c                OTG_HS_EP1_OUT_IRQHandler
                0x000000000800156c                WWDG_IRQHandler
                0x000000000800156c                SPI6_IRQHandler
                0x000000000800156c                TIM2_IRQHandler
                0x000000000800156c                OTG_FS_WKUP_IRQHandler
                0x000000000800156c                TIM1_TRG_COM_TIM11_IRQHandler
                0x000000000800156c                OTG_HS_IRQHandler
                0x000000000800156c                DMA2D_IRQHandler
                0x000000000800156c                EXTI1_IRQHandler
                0x000000000800156c                UART7_IRQHandler
                0x000000000800156c                USART2_IRQHandler
                0x000000000800156c                I2C2_ER_IRQHandler
                0x000000000800156c                DMA2_Stream1_IRQHandler
                0x000000000800156c                CAN1_SCE_IRQHandler
                0x000000000800156c                FLASH_IRQHandler
                0x000000000800156c                DMA2_Stream4_IRQHandler
                0x000000000800156c                USART1_IRQHandler
                0x000000000800156c                OTG_FS_IRQHandler
                0x000000000800156c                SPI3_IRQHandler
                0x000000000800156c                DMA1_Stream4_IRQHandler
                0x000000000800156c                I2C1_ER_IRQHandler
                0x000000000800156c                FMC_IRQHandler
                0x000000000800156c                DMA2_Stream6_IRQHandler
                0x000000000800156c                SAI1_IRQHandler
                0x000000000800156c                DMA1_Stream3_IRQHandler
 *fill*         0x000000000800156e        0x2 
 .text.HAL_InitTick
                0x0000000008001570       0x4c ./Drivers/STM32F4xx_HAL_Driver/Src/stm32f4xx_hal.o
                0x0000000008001570                HAL_InitTick
 .text.HAL_Init
                0x00000000080015bc       0x34 ./Drivers/STM32F4xx_HAL_Driver/Src/stm32f4xx_hal.o
                0x00000000080015bc                HAL_Init
 .text.HAL_IncTick
                0x00000000080015f0       0x18 ./Drivers/STM32F4xx_HAL_Driver/Src/stm32f4xx_hal.o
                0x00000000080015f0                HAL_IncTick
 .text.HAL_GetTick
                0x0000000008001608        0xc ./Drivers/STM32F4xx_HAL_Driver/Src/stm32f4xx_hal.o
                0x0000000008001608                HAL_GetTick
 .text.HAL_Delay
                0x0000000008001614       0x28 ./Drivers/STM32F4xx_HAL_Driver/Src/stm32f4xx_hal.o
                0x0000000008001614                HAL_Delay
 .text.HAL_NVIC_SetPriorityGrouping
                0x000000000800163c       0x24 ./Drivers/STM32F4xx_HAL_Driver/Src/stm32f4xx_hal_cortex.o
                0x000000000800163c                HAL_NVIC_SetPriorityGrouping
 .text.HAL_NVIC_SetPriority
                0x0000000008001660       0x68 ./Drivers/STM32F4xx_HAL_Driver/Src/stm32f4xx_hal_cortex.o
                0x0000000008001660                HAL_NVIC_SetPriority
 .text.HAL_NVIC_EnableIRQ
                0x00000000080016c8       0x1c ./Drivers/STM32F4xx_HAL_Driver/Src/stm32f4xx_hal_cortex.o
                0x00000000080016c8                HAL_NVIC_EnableIRQ
 .text.HAL_SYSTICK_Config
                0x00000000080016e4       0x2c ./Drivers/STM32F4xx_HAL_Driver/Src/stm32f4xx_hal_cortex.o
                0x00000000080016e4                HAL_SYSTICK_Config
 .text.HAL_GPIO_Init
                0x0000000008001710      0x1f0 ./Drivers/STM32F4xx_HAL_Driver/Src/stm32f4xx_hal_gpio.o
                0x0000000008001710                HAL_GPIO_Init
 .text.HAL_GPIO_ReadPin
                0x0000000008001900        0xe ./Drivers/STM32F4xx_HAL_Driver/Src/stm32f4xx_hal_gpio.o
                0x0000000008001900                HAL_GPIO_ReadPin
 .text.HAL_GPIO_WritePin
                0x000000000800190e        0xc ./Drivers/STM32F4xx_HAL_Driver/Src/stm32f4xx_hal_gpio.o
                0x000000000800190e                HAL_GPIO_WritePin
 .text.I2C_IsAcknowledgeFailed
                0x000000000800191a       0x32 ./Drivers/STM32F4xx_HAL_Driver/Src/stm32f4xx_hal_i2c.o
 .text.I2C_WaitOnFlagUntilTimeout
                0x000000000800194c       0x74 ./Drivers/STM32F4xx_HAL_Driver/Src/stm32f4xx_hal_i2c.o
 .text.I2C_WaitOnMasterAddressFlagUntilTimeout
                0x00000000080019c0       0xaa ./Drivers/STM32F4xx_HAL_Driver/Src/stm32f4xx_hal_i2c.o
 *fill*         0x0000000008001a6a        0x2 
 .text.I2C_MasterRequestWrite
                0x0000000008001a6c       0xb4 ./Drivers/STM32F4xx_HAL_Driver/Src/stm32f4xx_hal_i2c.o
 .text.I2C_WaitOnTXEFlagUntilTimeout
                0x0000000008001b20       0x54 ./Drivers/STM32F4xx_HAL_Driver/Src/stm32f4xx_hal_i2c.o
 .text.I2C_WaitOnBTFFlagUntilTimeout
                0x0000000008001b74       0x54 ./Drivers/STM32F4xx_HAL_Driver/Src/stm32f4xx_hal_i2c.o
 .text.HAL_I2C_Init
                0x0000000008001bc8      0x1bc ./Drivers/STM32F4xx_HAL_Driver/Src/stm32f4xx_hal_i2c.o
                0x0000000008001bc8                HAL_I2C_Init
 .text.HAL_I2C_Master_Transmit
                0x0000000008001d84      0x178 ./Drivers/STM32F4xx_HAL_Driver/Src/stm32f4xx_hal_i2c.o
                0x0000000008001d84                HAL_I2C_Master_Transmit
 .text.HAL_I2C_IsDeviceReady
                0x0000000008001efc      0x194 ./Drivers/STM32F4xx_HAL_Driver/Src/stm32f4xx_hal_i2c.o
                0x0000000008001efc                HAL_I2C_IsDeviceReady
 .text.HAL_I2CEx_ConfigAnalogFilter
                0x0000000008002090       0x44 ./Drivers/STM32F4xx_HAL_Driver/Src/stm32f4xx_hal_i2c_ex.o
                0x0000000008002090                HAL_I2CEx_ConfigAnalogFilter
 .text.HAL_I2CEx_ConfigDigitalFilter
                0x00000000080020d4       0x42 ./Drivers/STM32F4xx_HAL_Driver/Src/stm32f4xx_hal_i2c_ex.o
                0x00000000080020d4                HAL_I2CEx_ConfigDigitalFilter
 *fill*         0x0000000008002116        0x2 
 .text.HAL_RCC_OscConfig
                0x0000000008002118      0x3f8 ./Drivers/STM32F4xx_HAL_Driver/Src/stm32f4xx_hal_rcc.o
                0x0000000008002118                HAL_RCC_OscConfig
 .text.HAL_RCC_GetSysClockFreq
                0x0000000008002510       0xa0 ./Drivers/STM32F4xx_HAL_Driver/Src/stm32f4xx_hal_rcc.o
                0x0000000008002510                HAL_RCC_GetSysClockFreq
 .text.HAL_RCC_ClockConfig
                0x00000000080025b0      0x160 ./Drivers/STM32F4xx_HAL_Driver/Src/stm32f4xx_hal_rcc.o
                0x00000000080025b0                HAL_RCC_ClockConfig
 .text.HAL_RCC_GetHCLKFreq
                0x0000000008002710        0xc ./Drivers/STM32F4xx_HAL_Driver/Src/stm32f4xx_hal_rcc.o
                0x0000000008002710                HAL_RCC_GetHCLKFreq
 .text.HAL_RCC_GetPCLK1Freq
                0x000000000800271c       0x20 ./Drivers/STM32F4xx_HAL_Driver/Src/stm32f4xx_hal_rcc.o
                0x000000000800271c                HAL_RCC_GetPCLK1Freq
 .text.HAL_RNG_Init
                0x000000000800273c       0x2e ./Drivers/STM32F4xx_HAL_Driver/Src/stm32f4xx_hal_rng.o
                0x000000000800273c                HAL_RNG_Init
 .text.HAL_RNG_GenerateRandomNumber
                0x000000000800276a       0x6e ./Drivers/STM32F4xx_HAL_Driver/Src/stm32f4xx_hal_rng.o
                0x000000000800276a                HAL_RNG_GenerateRandomNumber
 .text.HAL_RNG_ReadyDataCallback
                0x00000000080027d8        0x2 ./Drivers/STM32F4xx_HAL_Driver/Src/stm32f4xx_hal_rng.o
                0x00000000080027d8                HAL_RNG_ReadyDataCallback
 .text.HAL_RNG_ErrorCallback
                0x00000000080027da        0x2 ./Drivers/STM32F4xx_HAL_Driver/Src/stm32f4xx_hal_rng.o
                0x00000000080027da                HAL_RNG_ErrorCallback
 .text.HAL_RNG_IRQHandler
                0x00000000080027dc       0x60 ./Drivers/STM32F4xx_HAL_Driver/Src/stm32f4xx_hal_rng.o
                0x00000000080027dc                HAL_RNG_IRQHandler
 .text.__errno  0x000000000800283c        0xc d:/programms/stm/stm32cubeide_1.6.1/stm32cubeide/plugins/com.st.stm32cube.ide.mcu.externaltools.gnu-tools-for-stm32.9-2020-q2-update.win32_2.0.0.202105311346/tools/bin/../lib/gcc/arm-none-eabi/9.3.1/../../../../arm-none-eabi/lib/thumb/v7e-m+fp/hard\libc_nano.a(lib_a-errno.o)
                0x000000000800283c                __errno
 .text.__libc_init_array
                0x0000000008002848       0x48 d:/programms/stm/stm32cubeide_1.6.1/stm32cubeide/plugins/com.st.stm32cube.ide.mcu.externaltools.gnu-tools-for-stm32.9-2020-q2-update.win32_2.0.0.202105311346/tools/bin/../lib/gcc/arm-none-eabi/9.3.1/../../../../arm-none-eabi/lib/thumb/v7e-m+fp/hard\libc_nano.a(lib_a-init.o)
                0x0000000008002848                __libc_init_array
 .text.malloc   0x0000000008002890       0x10 d:/programms/stm/stm32cubeide_1.6.1/stm32cubeide/plugins/com.st.stm32cube.ide.mcu.externaltools.gnu-tools-for-stm32.9-2020-q2-update.win32_2.0.0.202105311346/tools/bin/../lib/gcc/arm-none-eabi/9.3.1/../../../../arm-none-eabi/lib/thumb/v7e-m+fp/hard\libc_nano.a(lib_a-malloc.o)
                0x0000000008002890                malloc
 .text.memset   0x00000000080028a0       0x10 d:/programms/stm/stm32cubeide_1.6.1/stm32cubeide/plugins/com.st.stm32cube.ide.mcu.externaltools.gnu-tools-for-stm32.9-2020-q2-update.win32_2.0.0.202105311346/tools/bin/../lib/gcc/arm-none-eabi/9.3.1/../../../../arm-none-eabi/lib/thumb/v7e-m+fp/hard\libc_nano.a(lib_a-memset.o)
                0x00000000080028a0                memset
 .text._free_r  0x00000000080028b0       0xa0 d:/programms/stm/stm32cubeide_1.6.1/stm32cubeide/plugins/com.st.stm32cube.ide.mcu.externaltools.gnu-tools-for-stm32.9-2020-q2-update.win32_2.0.0.202105311346/tools/bin/../lib/gcc/arm-none-eabi/9.3.1/../../../../arm-none-eabi/lib/thumb/v7e-m+fp/hard\libc_nano.a(lib_a-nano-freer.o)
                0x00000000080028b0                _free_r
 .text._malloc_r
                0x0000000008002950       0xb4 d:/programms/stm/stm32cubeide_1.6.1/stm32cubeide/plugins/com.st.stm32cube.ide.mcu.externaltools.gnu-tools-for-stm32.9-2020-q2-update.win32_2.0.0.202105311346/tools/bin/../lib/gcc/arm-none-eabi/9.3.1/../../../../arm-none-eabi/lib/thumb/v7e-m+fp/hard\libc_nano.a(lib_a-nano-mallocr.o)
                0x0000000008002950                _malloc_r
 .text.srand    0x0000000008002a04       0x5c d:/programms/stm/stm32cubeide_1.6.1/stm32cubeide/plugins/com.st.stm32cube.ide.mcu.externaltools.gnu-tools-for-stm32.9-2020-q2-update.win32_2.0.0.202105311346/tools/bin/../lib/gcc/arm-none-eabi/9.3.1/../../../../arm-none-eabi/lib/thumb/v7e-m+fp/hard\libc_nano.a(lib_a-rand.o)
                0x0000000008002a04                srand
 .text.rand     0x0000000008002a60       0x80 d:/programms/stm/stm32cubeide_1.6.1/stm32cubeide/plugins/com.st.stm32cube.ide.mcu.externaltools.gnu-tools-for-stm32.9-2020-q2-update.win32_2.0.0.202105311346/tools/bin/../lib/gcc/arm-none-eabi/9.3.1/../../../../arm-none-eabi/lib/thumb/v7e-m+fp/hard\libc_nano.a(lib_a-rand.o)
                0x0000000008002a60                rand
 .text._sbrk_r  0x0000000008002ae0       0x20 d:/programms/stm/stm32cubeide_1.6.1/stm32cubeide/plugins/com.st.stm32cube.ide.mcu.externaltools.gnu-tools-for-stm32.9-2020-q2-update.win32_2.0.0.202105311346/tools/bin/../lib/gcc/arm-none-eabi/9.3.1/../../../../arm-none-eabi/lib/thumb/v7e-m+fp/hard\libc_nano.a(lib_a-sbrkr.o)
                0x0000000008002ae0                _sbrk_r
 .text.__assert_func
                0x0000000008002b00       0x3c d:/programms/stm/stm32cubeide_1.6.1/stm32cubeide/plugins/com.st.stm32cube.ide.mcu.externaltools.gnu-tools-for-stm32.9-2020-q2-update.win32_2.0.0.202105311346/tools/bin/../lib/gcc/arm-none-eabi/9.3.1/../../../../arm-none-eabi/lib/thumb/v7e-m+fp/hard\libc_nano.a(lib_a-assert.o)
                0x0000000008002b00                __assert_func
 .text.fprintf  0x0000000008002b3c       0x24 d:/programms/stm/stm32cubeide_1.6.1/stm32cubeide/plugins/com.st.stm32cube.ide.mcu.externaltools.gnu-tools-for-stm32.9-2020-q2-update.win32_2.0.0.202105311346/tools/bin/../lib/gcc/arm-none-eabi/9.3.1/../../../../arm-none-eabi/lib/thumb/v7e-m+fp/hard\libc_nano.a(lib_a-fprintf.o)
                0x0000000008002b3c                fiprintf
                0x0000000008002b3c                fprintf
 .text.__malloc_lock
                0x0000000008002b60        0xc d:/programms/stm/stm32cubeide_1.6.1/stm32cubeide/plugins/com.st.stm32cube.ide.mcu.externaltools.gnu-tools-for-stm32.9-2020-q2-update.win32_2.0.0.202105311346/tools/bin/../lib/gcc/arm-none-eabi/9.3.1/../../../../arm-none-eabi/lib/thumb/v7e-m+fp/hard\libc_nano.a(lib_a-mlock.o)
                0x0000000008002b60                __malloc_lock
 .text.__malloc_unlock
                0x0000000008002b6c        0xc d:/programms/stm/stm32cubeide_1.6.1/stm32cubeide/plugins/com.st.stm32cube.ide.mcu.externaltools.gnu-tools-for-stm32.9-2020-q2-update.win32_2.0.0.202105311346/tools/bin/../lib/gcc/arm-none-eabi/9.3.1/../../../../arm-none-eabi/lib/thumb/v7e-m+fp/hard\libc_nano.a(lib_a-mlock.o)
                0x0000000008002b6c                __malloc_unlock
 .text.__sfputc_r
                0x0000000008002b78       0x2e d:/programms/stm/stm32cubeide_1.6.1/stm32cubeide/plugins/com.st.stm32cube.ide.mcu.externaltools.gnu-tools-for-stm32.9-2020-q2-update.win32_2.0.0.202105311346/tools/bin/../lib/gcc/arm-none-eabi/9.3.1/../../../../arm-none-eabi/lib/thumb/v7e-m+fp/hard\libc_nano.a(lib_a-nano-vfprintf.o)
 .text.__sfputs_r
                0x0000000008002ba6       0x24 d:/programms/stm/stm32cubeide_1.6.1/stm32cubeide/plugins/com.st.stm32cube.ide.mcu.externaltools.gnu-tools-for-stm32.9-2020-q2-update.win32_2.0.0.202105311346/tools/bin/../lib/gcc/arm-none-eabi/9.3.1/../../../../arm-none-eabi/lib/thumb/v7e-m+fp/hard\libc_nano.a(lib_a-nano-vfprintf.o)
                0x0000000008002ba6                __sfputs_r
 *fill*         0x0000000008002bca        0x2 
 .text._vfprintf_r
                0x0000000008002bcc      0x260 d:/programms/stm/stm32cubeide_1.6.1/stm32cubeide/plugins/com.st.stm32cube.ide.mcu.externaltools.gnu-tools-for-stm32.9-2020-q2-update.win32_2.0.0.202105311346/tools/bin/../lib/gcc/arm-none-eabi/9.3.1/../../../../arm-none-eabi/lib/thumb/v7e-m+fp/hard\libc_nano.a(lib_a-nano-vfprintf.o)
                0x0000000008002bcc                _vfprintf_r
                0x0000000008002bcc                _vfiprintf_r
 .text._printf_common
                0x0000000008002e2c       0xda d:/programms/stm/stm32cubeide_1.6.1/stm32cubeide/plugins/com.st.stm32cube.ide.mcu.externaltools.gnu-tools-for-stm32.9-2020-q2-update.win32_2.0.0.202105311346/tools/bin/../lib/gcc/arm-none-eabi/9.3.1/../../../../arm-none-eabi/lib/thumb/v7e-m+fp/hard\libc_nano.a(lib_a-nano-vfprintf_i.o)
                0x0000000008002e2c                _printf_common
 *fill*         0x0000000008002f06        0x2 
 .text._printf_i
                0x0000000008002f08      0x24c d:/programms/stm/stm32cubeide_1.6.1/stm32cubeide/plugins/com.st.stm32cube.ide.mcu.externaltools.gnu-tools-for-stm32.9-2020-q2-update.win32_2.0.0.202105311346/tools/bin/../lib/gcc/arm-none-eabi/9.3.1/../../../../arm-none-eabi/lib/thumb/v7e-m+fp/hard\libc_nano.a(lib_a-nano-vfprintf_i.o)
                0x0000000008002f08                _printf_i
 .text.__swbuf_r
                0x0000000008003154       0xa4 d:/programms/stm/stm32cubeide_1.6.1/stm32cubeide/plugins/com.st.stm32cube.ide.mcu.externaltools.gnu-tools-for-stm32.9-2020-q2-update.win32_2.0.0.202105311346/tools/bin/../lib/gcc/arm-none-eabi/9.3.1/../../../../arm-none-eabi/lib/thumb/v7e-m+fp/hard\libc_nano.a(lib_a-wbuf.o)
                0x0000000008003154                __swbuf_r
 .text.__swsetup_r
                0x00000000080031f8       0xdc d:/programms/stm/stm32cubeide_1.6.1/stm32cubeide/plugins/com.st.stm32cube.ide.mcu.externaltools.gnu-tools-for-stm32.9-2020-q2-update.win32_2.0.0.202105311346/tools/bin/../lib/gcc/arm-none-eabi/9.3.1/../../../../arm-none-eabi/lib/thumb/v7e-m+fp/hard\libc_nano.a(lib_a-wsetup.o)
                0x00000000080031f8                __swsetup_r
 .text.abort    0x00000000080032d4        0xe d:/programms/stm/stm32cubeide_1.6.1/stm32cubeide/plugins/com.st.stm32cube.ide.mcu.externaltools.gnu-tools-for-stm32.9-2020-q2-update.win32_2.0.0.202105311346/tools/bin/../lib/gcc/arm-none-eabi/9.3.1/../../../../arm-none-eabi/lib/thumb/v7e-m+fp/hard\libc_nano.a(lib_a-abort.o)
                0x00000000080032d4                abort
 *fill*         0x00000000080032e2        0x2 
 .text.__sflush_r
                0x00000000080032e4      0x10c d:/programms/stm/stm32cubeide_1.6.1/stm32cubeide/plugins/com.st.stm32cube.ide.mcu.externaltools.gnu-tools-for-stm32.9-2020-q2-update.win32_2.0.0.202105311346/tools/bin/../lib/gcc/arm-none-eabi/9.3.1/../../../../arm-none-eabi/lib/thumb/v7e-m+fp/hard\libc_nano.a(lib_a-fflush.o)
                0x00000000080032e4                __sflush_r
 .text._fflush_r
                0x00000000080033f0       0x78 d:/programms/stm/stm32cubeide_1.6.1/stm32cubeide/plugins/com.st.stm32cube.ide.mcu.externaltools.gnu-tools-for-stm32.9-2020-q2-update.win32_2.0.0.202105311346/tools/bin/../lib/gcc/arm-none-eabi/9.3.1/../../../../arm-none-eabi/lib/thumb/v7e-m+fp/hard\libc_nano.a(lib_a-fflush.o)
                0x00000000080033f0                _fflush_r
 .text.std      0x0000000008003468       0x48 d:/programms/stm/stm32cubeide_1.6.1/stm32cubeide/plugins/com.st.stm32cube.ide.mcu.externaltools.gnu-tools-for-stm32.9-2020-q2-update.win32_2.0.0.202105311346/tools/bin/../lib/gcc/arm-none-eabi/9.3.1/../../../../arm-none-eabi/lib/thumb/v7e-m+fp/hard\libc_nano.a(lib_a-findfp.o)
 .text._cleanup_r
                0x00000000080034b0        0xc d:/programms/stm/stm32cubeide_1.6.1/stm32cubeide/plugins/com.st.stm32cube.ide.mcu.externaltools.gnu-tools-for-stm32.9-2020-q2-update.win32_2.0.0.202105311346/tools/bin/../lib/gcc/arm-none-eabi/9.3.1/../../../../arm-none-eabi/lib/thumb/v7e-m+fp/hard\libc_nano.a(lib_a-findfp.o)
                0x00000000080034b0                _cleanup_r
 .text.__sfmoreglue
                0x00000000080034bc       0x2c d:/programms/stm/stm32cubeide_1.6.1/stm32cubeide/plugins/com.st.stm32cube.ide.mcu.externaltools.gnu-tools-for-stm32.9-2020-q2-update.win32_2.0.0.202105311346/tools/bin/../lib/gcc/arm-none-eabi/9.3.1/../../../../arm-none-eabi/lib/thumb/v7e-m+fp/hard\libc_nano.a(lib_a-findfp.o)
                0x00000000080034bc                __sfmoreglue
 .text.__sfp_lock_acquire
                0x00000000080034e8        0xc d:/programms/stm/stm32cubeide_1.6.1/stm32cubeide/plugins/com.st.stm32cube.ide.mcu.externaltools.gnu-tools-for-stm32.9-2020-q2-update.win32_2.0.0.202105311346/tools/bin/../lib/gcc/arm-none-eabi/9.3.1/../../../../arm-none-eabi/lib/thumb/v7e-m+fp/hard\libc_nano.a(lib_a-findfp.o)
                0x00000000080034e8                __sfp_lock_acquire
 .text.__sfp_lock_release
                0x00000000080034f4        0xc d:/programms/stm/stm32cubeide_1.6.1/stm32cubeide/plugins/com.st.stm32cube.ide.mcu.externaltools.gnu-tools-for-stm32.9-2020-q2-update.win32_2.0.0.202105311346/tools/bin/../lib/gcc/arm-none-eabi/9.3.1/../../../../arm-none-eabi/lib/thumb/v7e-m+fp/hard\libc_nano.a(lib_a-findfp.o)
                0x00000000080034f4                __sfp_lock_release
 .text.__sinit_lock_acquire
                0x0000000008003500        0xc d:/programms/stm/stm32cubeide_1.6.1/stm32cubeide/plugins/com.st.stm32cube.ide.mcu.externaltools.gnu-tools-for-stm32.9-2020-q2-update.win32_2.0.0.202105311346/tools/bin/../lib/gcc/arm-none-eabi/9.3.1/../../../../arm-none-eabi/lib/thumb/v7e-m+fp/hard\libc_nano.a(lib_a-findfp.o)
                0x0000000008003500                __sinit_lock_acquire
 .text.__sinit_lock_release
                0x000000000800350c        0xc d:/programms/stm/stm32cubeide_1.6.1/stm32cubeide/plugins/com.st.stm32cube.ide.mcu.externaltools.gnu-tools-for-stm32.9-2020-q2-update.win32_2.0.0.202105311346/tools/bin/../lib/gcc/arm-none-eabi/9.3.1/../../../../arm-none-eabi/lib/thumb/v7e-m+fp/hard\libc_nano.a(lib_a-findfp.o)
                0x000000000800350c                __sinit_lock_release
 .text.__sinit  0x0000000008003518       0x70 d:/programms/stm/stm32cubeide_1.6.1/stm32cubeide/plugins/com.st.stm32cube.ide.mcu.externaltools.gnu-tools-for-stm32.9-2020-q2-update.win32_2.0.0.202105311346/tools/bin/../lib/gcc/arm-none-eabi/9.3.1/../../../../arm-none-eabi/lib/thumb/v7e-m+fp/hard\libc_nano.a(lib_a-findfp.o)
                0x0000000008003518                __sinit
 .text.__sfp    0x0000000008003588       0x8c d:/programms/stm/stm32cubeide_1.6.1/stm32cubeide/plugins/com.st.stm32cube.ide.mcu.externaltools.gnu-tools-for-stm32.9-2020-q2-update.win32_2.0.0.202105311346/tools/bin/../lib/gcc/arm-none-eabi/9.3.1/../../../../arm-none-eabi/lib/thumb/v7e-m+fp/hard\libc_nano.a(lib_a-findfp.o)
                0x0000000008003588                __sfp
 .text._fwalk_reent
                0x0000000008003614       0x3e d:/programms/stm/stm32cubeide_1.6.1/stm32cubeide/plugins/com.st.stm32cube.ide.mcu.externaltools.gnu-tools-for-stm32.9-2020-q2-update.win32_2.0.0.202105311346/tools/bin/../lib/gcc/arm-none-eabi/9.3.1/../../../../arm-none-eabi/lib/thumb/v7e-m+fp/hard\libc_nano.a(lib_a-fwalk.o)
                0x0000000008003614                _fwalk_reent
 .text.__retarget_lock_init_recursive
                0x0000000008003652        0x2 d:/programms/stm/stm32cubeide_1.6.1/stm32cubeide/plugins/com.st.stm32cube.ide.mcu.externaltools.gnu-tools-for-stm32.9-2020-q2-update.win32_2.0.0.202105311346/tools/bin/../lib/gcc/arm-none-eabi/9.3.1/../../../../arm-none-eabi/lib/thumb/v7e-m+fp/hard\libc_nano.a(lib_a-lock.o)
                0x0000000008003652                __retarget_lock_init_recursive
 .text.__retarget_lock_acquire_recursive
                0x0000000008003654        0x2 d:/programms/stm/stm32cubeide_1.6.1/stm32cubeide/plugins/com.st.stm32cube.ide.mcu.externaltools.gnu-tools-for-stm32.9-2020-q2-update.win32_2.0.0.202105311346/tools/bin/../lib/gcc/arm-none-eabi/9.3.1/../../../../arm-none-eabi/lib/thumb/v7e-m+fp/hard\libc_nano.a(lib_a-lock.o)
                0x0000000008003654                __retarget_lock_acquire_recursive
 .text.__retarget_lock_release_recursive
                0x0000000008003656        0x2 d:/programms/stm/stm32cubeide_1.6.1/stm32cubeide/plugins/com.st.stm32cube.ide.mcu.externaltools.gnu-tools-for-stm32.9-2020-q2-update.win32_2.0.0.202105311346/tools/bin/../lib/gcc/arm-none-eabi/9.3.1/../../../../arm-none-eabi/lib/thumb/v7e-m+fp/hard\libc_nano.a(lib_a-lock.o)
                0x0000000008003656                __retarget_lock_release_recursive
 .text.__swhatbuf_r
                0x0000000008003658       0x48 d:/programms/stm/stm32cubeide_1.6.1/stm32cubeide/plugins/com.st.stm32cube.ide.mcu.externaltools.gnu-tools-for-stm32.9-2020-q2-update.win32_2.0.0.202105311346/tools/bin/../lib/gcc/arm-none-eabi/9.3.1/../../../../arm-none-eabi/lib/thumb/v7e-m+fp/hard\libc_nano.a(lib_a-makebuf.o)
                0x0000000008003658                __swhatbuf_r
 .text.__smakebuf_r
                0x00000000080036a0       0x80 d:/programms/stm/stm32cubeide_1.6.1/stm32cubeide/plugins/com.st.stm32cube.ide.mcu.externaltools.gnu-tools-for-stm32.9-2020-q2-update.win32_2.0.0.202105311346/tools/bin/../lib/gcc/arm-none-eabi/9.3.1/../../../../arm-none-eabi/lib/thumb/v7e-m+fp/hard\libc_nano.a(lib_a-makebuf.o)
                0x00000000080036a0                __smakebuf_r
 .text._raise_r
                0x0000000008003720       0x50 d:/programms/stm/stm32cubeide_1.6.1/stm32cubeide/plugins/com.st.stm32cube.ide.mcu.externaltools.gnu-tools-for-stm32.9-2020-q2-update.win32_2.0.0.202105311346/tools/bin/../lib/gcc/arm-none-eabi/9.3.1/../../../../arm-none-eabi/lib/thumb/v7e-m+fp/hard\libc_nano.a(lib_a-signal.o)
                0x0000000008003720                _raise_r
 .text.raise    0x0000000008003770       0x10 d:/programms/stm/stm32cubeide_1.6.1/stm32cubeide/plugins/com.st.stm32cube.ide.mcu.externaltools.gnu-tools-for-stm32.9-2020-q2-update.win32_2.0.0.202105311346/tools/bin/../lib/gcc/arm-none-eabi/9.3.1/../../../../arm-none-eabi/lib/thumb/v7e-m+fp/hard\libc_nano.a(lib_a-signal.o)
                0x0000000008003770                raise
 .text._kill_r  0x0000000008003780       0x24 d:/programms/stm/stm32cubeide_1.6.1/stm32cubeide/plugins/com.st.stm32cube.ide.mcu.externaltools.gnu-tools-for-stm32.9-2020-q2-update.win32_2.0.0.202105311346/tools/bin/../lib/gcc/arm-none-eabi/9.3.1/../../../../arm-none-eabi/lib/thumb/v7e-m+fp/hard\libc_nano.a(lib_a-signalr.o)
                0x0000000008003780                _kill_r
 .text._getpid_r
                0x00000000080037a4        0x4 d:/programms/stm/stm32cubeide_1.6.1/stm32cubeide/plugins/com.st.stm32cube.ide.mcu.externaltools.gnu-tools-for-stm32.9-2020-q2-update.win32_2.0.0.202105311346/tools/bin/../lib/gcc/arm-none-eabi/9.3.1/../../../../arm-none-eabi/lib/thumb/v7e-m+fp/hard\libc_nano.a(lib_a-signalr.o)
                0x00000000080037a4                _getpid_r
 .text.__sread  0x00000000080037a8       0x22 d:/programms/stm/stm32cubeide_1.6.1/stm32cubeide/plugins/com.st.stm32cube.ide.mcu.externaltools.gnu-tools-for-stm32.9-2020-q2-update.win32_2.0.0.202105311346/tools/bin/../lib/gcc/arm-none-eabi/9.3.1/../../../../arm-none-eabi/lib/thumb/v7e-m+fp/hard\libc_nano.a(lib_a-stdio.o)
                0x00000000080037a8                __sread
 .text.__swrite
                0x00000000080037ca       0x38 d:/programms/stm/stm32cubeide_1.6.1/stm32cubeide/plugins/com.st.stm32cube.ide.mcu.externaltools.gnu-tools-for-stm32.9-2020-q2-update.win32_2.0.0.202105311346/tools/bin/../lib/gcc/arm-none-eabi/9.3.1/../../../../arm-none-eabi/lib/thumb/v7e-m+fp/hard\libc_nano.a(lib_a-stdio.o)
                0x00000000080037ca                __swrite
 .text.__sseek  0x0000000008003802       0x24 d:/programms/stm/stm32cubeide_1.6.1/stm32cubeide/plugins/com.st.stm32cube.ide.mcu.externaltools.gnu-tools-for-stm32.9-2020-q2-update.win32_2.0.0.202105311346/tools/bin/../lib/gcc/arm-none-eabi/9.3.1/../../../../arm-none-eabi/lib/thumb/v7e-m+fp/hard\libc_nano.a(lib_a-stdio.o)
                0x0000000008003802                __sseek
 .text.__sclose
                0x0000000008003826        0x8 d:/programms/stm/stm32cubeide_1.6.1/stm32cubeide/plugins/com.st.stm32cube.ide.mcu.externaltools.gnu-tools-for-stm32.9-2020-q2-update.win32_2.0.0.202105311346/tools/bin/../lib/gcc/arm-none-eabi/9.3.1/../../../../arm-none-eabi/lib/thumb/v7e-m+fp/hard\libc_nano.a(lib_a-stdio.o)
                0x0000000008003826                __sclose
 *fill*         0x000000000800382e        0x2 
 .text._write_r
                0x0000000008003830       0x24 d:/programms/stm/stm32cubeide_1.6.1/stm32cubeide/plugins/com.st.stm32cube.ide.mcu.externaltools.gnu-tools-for-stm32.9-2020-q2-update.win32_2.0.0.202105311346/tools/bin/../lib/gcc/arm-none-eabi/9.3.1/../../../../arm-none-eabi/lib/thumb/v7e-m+fp/hard\libc_nano.a(lib_a-writer.o)
                0x0000000008003830                _write_r
 .text._close_r
                0x0000000008003854       0x20 d:/programms/stm/stm32cubeide_1.6.1/stm32cubeide/plugins/com.st.stm32cube.ide.mcu.externaltools.gnu-tools-for-stm32.9-2020-q2-update.win32_2.0.0.202105311346/tools/bin/../lib/gcc/arm-none-eabi/9.3.1/../../../../arm-none-eabi/lib/thumb/v7e-m+fp/hard\libc_nano.a(lib_a-closer.o)
                0x0000000008003854                _close_r
 .text._fstat_r
                0x0000000008003874       0x24 d:/programms/stm/stm32cubeide_1.6.1/stm32cubeide/plugins/com.st.stm32cube.ide.mcu.externaltools.gnu-tools-for-stm32.9-2020-q2-update.win32_2.0.0.202105311346/tools/bin/../lib/gcc/arm-none-eabi/9.3.1/../../../../arm-none-eabi/lib/thumb/v7e-m+fp/hard\libc_nano.a(lib_a-fstatr.o)
                0x0000000008003874                _fstat_r
 .text._isatty_r
                0x0000000008003898       0x20 d:/programms/stm/stm32cubeide_1.6.1/stm32cubeide/plugins/com.st.stm32cube.ide.mcu.externaltools.gnu-tools-for-stm32.9-2020-q2-update.win32_2.0.0.202105311346/tools/bin/../lib/gcc/arm-none-eabi/9.3.1/../../../../arm-none-eabi/lib/thumb/v7e-m+fp/hard\libc_nano.a(lib_a-isattyr.o)
                0x0000000008003898                _isatty_r
 .text._lseek_r
                0x00000000080038b8       0x24 d:/programms/stm/stm32cubeide_1.6.1/stm32cubeide/plugins/com.st.stm32cube.ide.mcu.externaltools.gnu-tools-for-stm32.9-2020-q2-update.win32_2.0.0.202105311346/tools/bin/../lib/gcc/arm-none-eabi/9.3.1/../../../../arm-none-eabi/lib/thumb/v7e-m+fp/hard\libc_nano.a(lib_a-lseekr.o)
                0x00000000080038b8                _lseek_r
 .text._read_r  0x00000000080038dc       0x24 d:/programms/stm/stm32cubeide_1.6.1/stm32cubeide/plugins/com.st.stm32cube.ide.mcu.externaltools.gnu-tools-for-stm32.9-2020-q2-update.win32_2.0.0.202105311346/tools/bin/../lib/gcc/arm-none-eabi/9.3.1/../../../../arm-none-eabi/lib/thumb/v7e-m+fp/hard\libc_nano.a(lib_a-readr.o)
                0x00000000080038dc                _read_r
 *(.glue_7)
 .glue_7        0x0000000008003900        0x0 linker stubs
 *(.glue_7t)
 .glue_7t       0x0000000008003900        0x0 linker stubs
 *(.eh_frame)
 .eh_frame      0x0000000008003900        0x0 d:/programms/stm/stm32cubeide_1.6.1/stm32cubeide/plugins/com.st.stm32cube.ide.mcu.externaltools.gnu-tools-for-stm32.9-2020-q2-update.win32_2.0.0.202105311346/tools/bin/../lib/gcc/arm-none-eabi/9.3.1/thumb/v7e-m+fp/hard/crtbegin.o
 *(.init)
 .init          0x0000000008003900        0x4 d:/programms/stm/stm32cubeide_1.6.1/stm32cubeide/plugins/com.st.stm32cube.ide.mcu.externaltools.gnu-tools-for-stm32.9-2020-q2-update.win32_2.0.0.202105311346/tools/bin/../lib/gcc/arm-none-eabi/9.3.1/thumb/v7e-m+fp/hard/crti.o
                0x0000000008003900                _init
 .init          0x0000000008003904        0x8 d:/programms/stm/stm32cubeide_1.6.1/stm32cubeide/plugins/com.st.stm32cube.ide.mcu.externaltools.gnu-tools-for-stm32.9-2020-q2-update.win32_2.0.0.202105311346/tools/bin/../lib/gcc/arm-none-eabi/9.3.1/thumb/v7e-m+fp/hard/crtn.o
 *(.fini)
 .fini          0x000000000800390c        0x4 d:/programms/stm/stm32cubeide_1.6.1/stm32cubeide/plugins/com.st.stm32cube.ide.mcu.externaltools.gnu-tools-for-stm32.9-2020-q2-update.win32_2.0.0.202105311346/tools/bin/../lib/gcc/arm-none-eabi/9.3.1/thumb/v7e-m+fp/hard/crti.o
                0x000000000800390c                _fini
 .fini          0x0000000008003910        0x8 d:/programms/stm/stm32cubeide_1.6.1/stm32cubeide/plugins/com.st.stm32cube.ide.mcu.externaltools.gnu-tools-for-stm32.9-2020-q2-update.win32_2.0.0.202105311346/tools/bin/../lib/gcc/arm-none-eabi/9.3.1/thumb/v7e-m+fp/hard/crtn.o
                0x0000000008003918                . = ALIGN (0x4)
                0x0000000008003918                _etext = .

.vfp11_veneer   0x0000000008003918        0x0
 .vfp11_veneer  0x0000000008003918        0x0 linker stubs

.v4_bx          0x0000000008003918        0x0
 .v4_bx         0x0000000008003918        0x0 linker stubs

.iplt           0x0000000008003918        0x0
 .iplt          0x0000000008003918        0x0 d:/programms/stm/stm32cubeide_1.6.1/stm32cubeide/plugins/com.st.stm32cube.ide.mcu.externaltools.gnu-tools-for-stm32.9-2020-q2-update.win32_2.0.0.202105311346/tools/bin/../lib/gcc/arm-none-eabi/9.3.1/thumb/v7e-m+fp/hard/crtbegin.o

.rodata         0x0000000008003918     0x48dc
                0x0000000008003918                . = ALIGN (0x4)
 *(.rodata)
 *(.rodata*)
 .rodata.Font7x10
                0x0000000008003918      0x76c ./Core/Src/fonts.o
                0x0000000008003918                Font7x10
 .rodata.damage_lamp
                0x0000000008004084      0x400 ./Core/Src/main.o
                0x0000000008004084                damage_lamp
 .rodata.lamp   0x0000000008004484      0xc0c ./Core/Src/main.o
                0x0000000008004484                lamp
 .rodata.logo_nasa
                0x0000000008005090      0x400 ./Core/Src/main.o
 .rodata.move_cosmo
                0x0000000008005490     0x2c00 ./Core/Src/main.o
                0x0000000008005490                move_cosmo
 .rodata.AHBPrescTable
                0x0000000008008090       0x10 ./Core/Src/system_stm32f4xx.o
                0x0000000008008090                AHBPrescTable
 .rodata.APBPrescTable
                0x00000000080080a0        0x8 ./Core/Src/system_stm32f4xx.o
                0x00000000080080a0                APBPrescTable
 .rodata._global_impure_ptr
                0x00000000080080a8        0x4 d:/programms/stm/stm32cubeide_1.6.1/stm32cubeide/plugins/com.st.stm32cube.ide.mcu.externaltools.gnu-tools-for-stm32.9-2020-q2-update.win32_2.0.0.202105311346/tools/bin/../lib/gcc/arm-none-eabi/9.3.1/../../../../arm-none-eabi/lib/thumb/v7e-m+fp/hard\libc_nano.a(lib_a-impure.o)
                0x00000000080080a8                _global_impure_ptr
 .rodata.srand.str1.1
                0x00000000080080ac       0x76 d:/programms/stm/stm32cubeide_1.6.1/stm32cubeide/plugins/com.st.stm32cube.ide.mcu.externaltools.gnu-tools-for-stm32.9-2020-q2-update.win32_2.0.0.202105311346/tools/bin/../lib/gcc/arm-none-eabi/9.3.1/../../../../arm-none-eabi/lib/thumb/v7e-m+fp/hard\libc_nano.a(lib_a-rand.o)
 .rodata.__assert_func.str1.1
                0x0000000008008122       0x3c d:/programms/stm/stm32cubeide_1.6.1/stm32cubeide/plugins/com.st.stm32cube.ide.mcu.externaltools.gnu-tools-for-stm32.9-2020-q2-update.win32_2.0.0.202105311346/tools/bin/../lib/gcc/arm-none-eabi/9.3.1/../../../../arm-none-eabi/lib/thumb/v7e-m+fp/hard\libc_nano.a(lib_a-assert.o)
                                         0x3d (size before relaxing)
 .rodata._vfprintf_r.str1.1
                0x000000000800815e       0x11 d:/programms/stm/stm32cubeide_1.6.1/stm32cubeide/plugins/com.st.stm32cube.ide.mcu.externaltools.gnu-tools-for-stm32.9-2020-q2-update.win32_2.0.0.202105311346/tools/bin/../lib/gcc/arm-none-eabi/9.3.1/../../../../arm-none-eabi/lib/thumb/v7e-m+fp/hard\libc_nano.a(lib_a-nano-vfprintf.o)
 .rodata._printf_i.str1.1
                0x000000000800816f       0x22 d:/programms/stm/stm32cubeide_1.6.1/stm32cubeide/plugins/com.st.stm32cube.ide.mcu.externaltools.gnu-tools-for-stm32.9-2020-q2-update.win32_2.0.0.202105311346/tools/bin/../lib/gcc/arm-none-eabi/9.3.1/../../../../arm-none-eabi/lib/thumb/v7e-m+fp/hard\libc_nano.a(lib_a-nano-vfprintf_i.o)
 *fill*         0x0000000008008191        0x3 
 .rodata.__sf_fake_stderr
                0x0000000008008194       0x20 d:/programms/stm/stm32cubeide_1.6.1/stm32cubeide/plugins/com.st.stm32cube.ide.mcu.externaltools.gnu-tools-for-stm32.9-2020-q2-update.win32_2.0.0.202105311346/tools/bin/../lib/gcc/arm-none-eabi/9.3.1/../../../../arm-none-eabi/lib/thumb/v7e-m+fp/hard\libc_nano.a(lib_a-findfp.o)
                0x0000000008008194                __sf_fake_stderr
 .rodata.__sf_fake_stdin
                0x00000000080081b4       0x20 d:/programms/stm/stm32cubeide_1.6.1/stm32cubeide/plugins/com.st.stm32cube.ide.mcu.externaltools.gnu-tools-for-stm32.9-2020-q2-update.win32_2.0.0.202105311346/tools/bin/../lib/gcc/arm-none-eabi/9.3.1/../../../../arm-none-eabi/lib/thumb/v7e-m+fp/hard\libc_nano.a(lib_a-findfp.o)
                0x00000000080081b4                __sf_fake_stdin
 .rodata.__sf_fake_stdout
                0x00000000080081d4       0x20 d:/programms/stm/stm32cubeide_1.6.1/stm32cubeide/plugins/com.st.stm32cube.ide.mcu.externaltools.gnu-tools-for-stm32.9-2020-q2-update.win32_2.0.0.202105311346/tools/bin/../lib/gcc/arm-none-eabi/9.3.1/../../../../arm-none-eabi/lib/thumb/v7e-m+fp/hard\libc_nano.a(lib_a-findfp.o)
                0x00000000080081d4                __sf_fake_stdout
                0x00000000080081f4                . = ALIGN (0x4)

.ARM.extab      0x00000000080081f4        0x0
                0x00000000080081f4                . = ALIGN (0x4)
 *(.ARM.extab* .gnu.linkonce.armextab.*)
                0x00000000080081f4                . = ALIGN (0x4)

.ARM            0x00000000080081f4        0x8
                0x00000000080081f4                . = ALIGN (0x4)
                0x00000000080081f4                __exidx_start = .
 *(.ARM.exidx*)
 .ARM.exidx     0x00000000080081f4        0x8 d:/programms/stm/stm32cubeide_1.6.1/stm32cubeide/plugins/com.st.stm32cube.ide.mcu.externaltools.gnu-tools-for-stm32.9-2020-q2-update.win32_2.0.0.202105311346/tools/bin/../lib/gcc/arm-none-eabi/9.3.1/thumb/v7e-m+fp/hard\libgcc.a(_udivmoddi4.o)
                0x00000000080081fc                __exidx_end = .
                0x00000000080081fc                . = ALIGN (0x4)

.rel.dyn        0x00000000080081fc        0x0
 .rel.iplt      0x00000000080081fc        0x0 d:/programms/stm/stm32cubeide_1.6.1/stm32cubeide/plugins/com.st.stm32cube.ide.mcu.externaltools.gnu-tools-for-stm32.9-2020-q2-update.win32_2.0.0.202105311346/tools/bin/../lib/gcc/arm-none-eabi/9.3.1/thumb/v7e-m+fp/hard/crtbegin.o

.preinit_array  0x00000000080081fc        0x0
                0x00000000080081fc                . = ALIGN (0x4)
                0x00000000080081fc                PROVIDE (__preinit_array_start = .)
 *(.preinit_array*)
                0x00000000080081fc                PROVIDE (__preinit_array_end = .)
                0x00000000080081fc                . = ALIGN (0x4)

.init_array     0x00000000080081fc        0x4
                0x00000000080081fc                . = ALIGN (0x4)
                0x00000000080081fc                PROVIDE (__init_array_start = .)
 *(SORT_BY_NAME(.init_array.*))
 *(.init_array*)
 .init_array    0x00000000080081fc        0x4 d:/programms/stm/stm32cubeide_1.6.1/stm32cubeide/plugins/com.st.stm32cube.ide.mcu.externaltools.gnu-tools-for-stm32.9-2020-q2-update.win32_2.0.0.202105311346/tools/bin/../lib/gcc/arm-none-eabi/9.3.1/thumb/v7e-m+fp/hard/crtbegin.o
                0x0000000008008200                PROVIDE (__init_array_end = .)
                0x0000000008008200                . = ALIGN (0x4)

.fini_array     0x0000000008008200        0x4
                0x0000000008008200                . = ALIGN (0x4)
                [!provide]                        PROVIDE (__fini_array_start = .)
 *(SORT_BY_NAME(.fini_array.*))
 *(.fini_array*)
 .fini_array    0x0000000008008200        0x4 d:/programms/stm/stm32cubeide_1.6.1/stm32cubeide/plugins/com.st.stm32cube.ide.mcu.externaltools.gnu-tools-for-stm32.9-2020-q2-update.win32_2.0.0.202105311346/tools/bin/../lib/gcc/arm-none-eabi/9.3.1/thumb/v7e-m+fp/hard/crtbegin.o
                [!provide]                        PROVIDE (__fini_array_end = .)
                0x0000000008008204                . = ALIGN (0x4)
                0x0000000008008204                _sidata = LOADADDR (.data)

.data           0x0000000020000000       0xe8 load address 0x0000000008008204
                0x0000000020000000                . = ALIGN (0x4)
                0x0000000020000000                _sdata = .
 *(.data)
 *(.data*)
 .data.Font_7x10
                0x0000000020000000        0x8 ./Core/Src/fonts.o
                0x0000000020000000                Font_7x10
 .data.arr_but_pin
                0x0000000020000008       0x12 ./Core/Src/main.o
                0x0000000020000008                arr_but_pin
 *fill*         0x000000002000001a        0x2 
 .data.arr_but_port
                0x000000002000001c       0x24 ./Core/Src/main.o
                0x000000002000001c                arr_but_port
 .data.arr_led_pin
                0x0000000020000040       0x12 ./Core/Src/main.o
                0x0000000020000040                arr_led_pin
 *fill*         0x0000000020000052        0x2 
 .data.arr_led_port
                0x0000000020000054       0x24 ./Core/Src/main.o
                0x0000000020000054                arr_led_port
 .data.SystemCoreClock
                0x0000000020000078        0x4 ./Core/Src/system_stm32f4xx.o
                0x0000000020000078                SystemCoreClock
 .data.uwTickFreq
                0x000000002000007c        0x1 ./Drivers/STM32F4xx_HAL_Driver/Src/stm32f4xx_hal.o
                0x000000002000007c                uwTickFreq
 *fill*         0x000000002000007d        0x3 
 .data.uwTickPrio
                0x0000000020000080        0x4 ./Drivers/STM32F4xx_HAL_Driver/Src/stm32f4xx_hal.o
                0x0000000020000080                uwTickPrio
 .data._impure_ptr
                0x0000000020000084        0x4 d:/programms/stm/stm32cubeide_1.6.1/stm32cubeide/plugins/com.st.stm32cube.ide.mcu.externaltools.gnu-tools-for-stm32.9-2020-q2-update.win32_2.0.0.202105311346/tools/bin/../lib/gcc/arm-none-eabi/9.3.1/../../../../arm-none-eabi/lib/thumb/v7e-m+fp/hard\libc_nano.a(lib_a-impure.o)
                0x0000000020000084                _impure_ptr
 .data.impure_data
                0x0000000020000088       0x60 d:/programms/stm/stm32cubeide_1.6.1/stm32cubeide/plugins/com.st.stm32cube.ide.mcu.externaltools.gnu-tools-for-stm32.9-2020-q2-update.win32_2.0.0.202105311346/tools/bin/../lib/gcc/arm-none-eabi/9.3.1/../../../../arm-none-eabi/lib/thumb/v7e-m+fp/hard\libc_nano.a(lib_a-impure.o)
 *(.RamFunc)
 *(.RamFunc*)
                0x00000000200000e8                . = ALIGN (0x4)
                0x00000000200000e8                _edata = .
                0x00000000080082ec                _siccmram = LOADADDR (.ccmram)

.igot.plt       0x00000000200000e8        0x0 load address 0x00000000080082ec
 .igot.plt      0x00000000200000e8        0x0 d:/programms/stm/stm32cubeide_1.6.1/stm32cubeide/plugins/com.st.stm32cube.ide.mcu.externaltools.gnu-tools-for-stm32.9-2020-q2-update.win32_2.0.0.202105311346/tools/bin/../lib/gcc/arm-none-eabi/9.3.1/thumb/v7e-m+fp/hard/crtbegin.o

.ccmram         0x0000000010000000        0x0 load address 0x00000000080082ec
                0x0000000010000000                . = ALIGN (0x4)
                0x0000000010000000                _sccmram = .
 *(.ccmram)
 *(.ccmram*)
                0x0000000010000000                . = ALIGN (0x4)
                0x0000000010000000                _eccmram = .
                0x0000000010000000                . = ALIGN (0x4)

.bss            0x00000000200000e8      0x4c4
                0x00000000200000e8                _sbss = .
                0x00000000200000e8                __bss_start__ = _sbss
 *(.bss)
 .bss           0x00000000200000e8       0x1c d:/programms/stm/stm32cubeide_1.6.1/stm32cubeide/plugins/com.st.stm32cube.ide.mcu.externaltools.gnu-tools-for-stm32.9-2020-q2-update.win32_2.0.0.202105311346/tools/bin/../lib/gcc/arm-none-eabi/9.3.1/thumb/v7e-m+fp/hard/crtbegin.o
 *(.bss*)
 .bss.force     0x0000000020000104        0x1 ./Core/Src/main.o
                0x0000000020000104                force
 *fill*         0x0000000020000105        0x3 
 .bss.force_c   0x0000000020000108        0x4 ./Core/Src/main.o
                0x0000000020000108                force_c
 .bss.mind      0x000000002000010c        0x1 ./Core/Src/main.o
                0x000000002000010c                mind
 *fill*         0x000000002000010d        0x3 
 .bss.mind_c    0x0000000020000110        0x4 ./Core/Src/main.o
                0x0000000020000110                mind_c
 .bss.skill     0x0000000020000114        0x1 ./Core/Src/main.o
                0x0000000020000114                skill
 *fill*         0x0000000020000115        0x3 
 .bss.skill_c   0x0000000020000118        0x4 ./Core/Src/main.o
                0x0000000020000118                skill_c
 .bss.SSD1306   0x000000002000011c        0x6 ./Core/Src/ssd1306.o
 *fill*         0x0000000020000122        0x2 
 .bss.SSD1306_Buffer
                0x0000000020000124      0x400 ./Core/Src/ssd1306.o
 .bss.__sbrk_heap_end
                0x0000000020000524        0x4 ./Core/Src/sysmem.o
 .bss.__malloc_free_list
                0x0000000020000528        0x4 d:/programms/stm/stm32cubeide_1.6.1/stm32cubeide/plugins/com.st.stm32cube.ide.mcu.externaltools.gnu-tools-for-stm32.9-2020-q2-update.win32_2.0.0.202105311346/tools/bin/../lib/gcc/arm-none-eabi/9.3.1/../../../../arm-none-eabi/lib/thumb/v7e-m+fp/hard\libc_nano.a(lib_a-nano-mallocr.o)
                0x0000000020000528                __malloc_free_list
 .bss.__malloc_sbrk_start
                0x000000002000052c        0x4 d:/programms/stm/stm32cubeide_1.6.1/stm32cubeide/plugins/com.st.stm32cube.ide.mcu.externaltools.gnu-tools-for-stm32.9-2020-q2-update.win32_2.0.0.202105311346/tools/bin/../lib/gcc/arm-none-eabi/9.3.1/../../../../arm-none-eabi/lib/thumb/v7e-m+fp/hard\libc_nano.a(lib_a-nano-mallocr.o)
                0x000000002000052c                __malloc_sbrk_start
 *(COMMON)
 COMMON         0x0000000020000530       0x68 ./Core/Src/main.o
                0x0000000020000530                rand_num
                0x0000000020000534                hi2c1
                0x0000000020000588                hrng
 COMMON         0x0000000020000598        0x4 ./Drivers/STM32F4xx_HAL_Driver/Src/stm32f4xx_hal.o
                0x0000000020000598                uwTick
 COMMON         0x000000002000059c        0x4 d:/programms/stm/stm32cubeide_1.6.1/stm32cubeide/plugins/com.st.stm32cube.ide.mcu.externaltools.gnu-tools-for-stm32.9-2020-q2-update.win32_2.0.0.202105311346/tools/bin/../lib/gcc/arm-none-eabi/9.3.1/../../../../arm-none-eabi/lib/thumb/v7e-m+fp/hard\libc_nano.a(lib_a-reent.o)
                0x000000002000059c                errno
 COMMON         0x00000000200005a0        0x9 d:/programms/stm/stm32cubeide_1.6.1/stm32cubeide/plugins/com.st.stm32cube.ide.mcu.externaltools.gnu-tools-for-stm32.9-2020-q2-update.win32_2.0.0.202105311346/tools/bin/../lib/gcc/arm-none-eabi/9.3.1/../../../../arm-none-eabi/lib/thumb/v7e-m+fp/hard\libc_nano.a(lib_a-lock.o)
                0x00000000200005a0                __lock___atexit_recursive_mutex
                0x00000000200005a1                __lock___arc4random_mutex
                0x00000000200005a2                __lock___env_recursive_mutex
                0x00000000200005a3                __lock___sinit_recursive_mutex
                0x00000000200005a4                __lock___malloc_recursive_mutex
                0x00000000200005a5                __lock___at_quick_exit_mutex
                0x00000000200005a6                __lock___dd_hash_mutex
                0x00000000200005a7                __lock___tz_mutex
                0x00000000200005a8                __lock___sfp_recursive_mutex
                0x00000000200005ac                . = ALIGN (0x4)
 *fill*         0x00000000200005a9        0x3 
                0x00000000200005ac                _ebss = .
                0x00000000200005ac                __bss_end__ = _ebss

._user_heap_stack
                0x00000000200005ac      0x604
                0x00000000200005b0                . = ALIGN (0x8)
 *fill*         0x00000000200005ac        0x4 
                [!provide]                        PROVIDE (end = .)
                0x00000000200005b0                PROVIDE (_end = .)
                0x00000000200007b0                . = (. + _Min_Heap_Size)
 *fill*         0x00000000200005b0      0x200 
                0x0000000020000bb0                . = (. + _Min_Stack_Size)
 *fill*         0x00000000200007b0      0x400 
                0x0000000020000bb0                . = ALIGN (0x8)

/DISCARD/
 libc.a(*)
 libm.a(*)
 libgcc.a(*)

.ARM.attributes
                0x0000000000000000       0x30
 *(.ARM.attributes)
 .ARM.attributes
                0x0000000000000000       0x1e d:/programms/stm/stm32cubeide_1.6.1/stm32cubeide/plugins/com.st.stm32cube.ide.mcu.externaltools.gnu-tools-for-stm32.9-2020-q2-update.win32_2.0.0.202105311346/tools/bin/../lib/gcc/arm-none-eabi/9.3.1/thumb/v7e-m+fp/hard/crti.o
 .ARM.attributes
                0x000000000000001e       0x34 d:/programms/stm/stm32cubeide_1.6.1/stm32cubeide/plugins/com.st.stm32cube.ide.mcu.externaltools.gnu-tools-for-stm32.9-2020-q2-update.win32_2.0.0.202105311346/tools/bin/../lib/gcc/arm-none-eabi/9.3.1/thumb/v7e-m+fp/hard/crtbegin.o
 .ARM.attributes
                0x0000000000000052       0x34 ./Core/Src/fonts.o
 .ARM.attributes
                0x0000000000000086       0x34 ./Core/Src/main.o
 .ARM.attributes
                0x00000000000000ba       0x34 ./Core/Src/ssd1306.o
 .ARM.attributes
                0x00000000000000ee       0x34 ./Core/Src/stm32f4xx_hal_msp.o
 .ARM.attributes
                0x0000000000000122       0x34 ./Core/Src/stm32f4xx_it.o
 .ARM.attributes
                0x0000000000000156       0x34 ./Core/Src/syscalls.o
 .ARM.attributes
                0x000000000000018a       0x34 ./Core/Src/sysmem.o
 .ARM.attributes
                0x00000000000001be       0x34 ./Core/Src/system_stm32f4xx.o
 .ARM.attributes
                0x00000000000001f2       0x21 ./Core/Startup/startup_stm32f429zitx.o
 .ARM.attributes
                0x0000000000000213       0x34 ./Drivers/STM32F4xx_HAL_Driver/Src/stm32f4xx_hal.o
 .ARM.attributes
                0x0000000000000247       0x34 ./Drivers/STM32F4xx_HAL_Driver/Src/stm32f4xx_hal_cortex.o
 .ARM.attributes
                0x000000000000027b       0x34 ./Drivers/STM32F4xx_HAL_Driver/Src/stm32f4xx_hal_gpio.o
 .ARM.attributes
                0x00000000000002af       0x34 ./Drivers/STM32F4xx_HAL_Driver/Src/stm32f4xx_hal_i2c.o
 .ARM.attributes
                0x00000000000002e3       0x34 ./Drivers/STM32F4xx_HAL_Driver/Src/stm32f4xx_hal_i2c_ex.o
 .ARM.attributes
                0x0000000000000317       0x34 ./Drivers/STM32F4xx_HAL_Driver/Src/stm32f4xx_hal_rcc.o
 .ARM.attributes
                0x000000000000034b       0x34 ./Drivers/STM32F4xx_HAL_Driver/Src/stm32f4xx_hal_rng.o
 .ARM.attributes
                0x000000000000037f       0x34 d:/programms/stm/stm32cubeide_1.6.1/stm32cubeide/plugins/com.st.stm32cube.ide.mcu.externaltools.gnu-tools-for-stm32.9-2020-q2-update.win32_2.0.0.202105311346/tools/bin/../lib/gcc/arm-none-eabi/9.3.1/../../../../arm-none-eabi/lib/thumb/v7e-m+fp/hard\libc_nano.a(lib_a-errno.o)
 .ARM.attributes
                0x00000000000003b3       0x32 d:/programms/stm/stm32cubeide_1.6.1/stm32cubeide/plugins/com.st.stm32cube.ide.mcu.externaltools.gnu-tools-for-stm32.9-2020-q2-update.win32_2.0.0.202105311346/tools/bin/../lib/gcc/arm-none-eabi/9.3.1/../../../../arm-none-eabi/lib/thumb/v7e-m+fp/hard\libc_nano.a(lib_a-impure.o)
 .ARM.attributes
                0x00000000000003e5       0x34 d:/programms/stm/stm32cubeide_1.6.1/stm32cubeide/plugins/com.st.stm32cube.ide.mcu.externaltools.gnu-tools-for-stm32.9-2020-q2-update.win32_2.0.0.202105311346/tools/bin/../lib/gcc/arm-none-eabi/9.3.1/../../../../arm-none-eabi/lib/thumb/v7e-m+fp/hard\libc_nano.a(lib_a-init.o)
 .ARM.attributes
                0x0000000000000419       0x34 d:/programms/stm/stm32cubeide_1.6.1/stm32cubeide/plugins/com.st.stm32cube.ide.mcu.externaltools.gnu-tools-for-stm32.9-2020-q2-update.win32_2.0.0.202105311346/tools/bin/../lib/gcc/arm-none-eabi/9.3.1/../../../../arm-none-eabi/lib/thumb/v7e-m+fp/hard\libc_nano.a(lib_a-malloc.o)
 .ARM.attributes
                0x000000000000044d       0x34 d:/programms/stm/stm32cubeide_1.6.1/stm32cubeide/plugins/com.st.stm32cube.ide.mcu.externaltools.gnu-tools-for-stm32.9-2020-q2-update.win32_2.0.0.202105311346/tools/bin/../lib/gcc/arm-none-eabi/9.3.1/../../../../arm-none-eabi/lib/thumb/v7e-m+fp/hard\libc_nano.a(lib_a-memset.o)
 .ARM.attributes
                0x0000000000000481       0x34 d:/programms/stm/stm32cubeide_1.6.1/stm32cubeide/plugins/com.st.stm32cube.ide.mcu.externaltools.gnu-tools-for-stm32.9-2020-q2-update.win32_2.0.0.202105311346/tools/bin/../lib/gcc/arm-none-eabi/9.3.1/../../../../arm-none-eabi/lib/thumb/v7e-m+fp/hard\libc_nano.a(lib_a-nano-freer.o)
 .ARM.attributes
                0x00000000000004b5       0x34 d:/programms/stm/stm32cubeide_1.6.1/stm32cubeide/plugins/com.st.stm32cube.ide.mcu.externaltools.gnu-tools-for-stm32.9-2020-q2-update.win32_2.0.0.202105311346/tools/bin/../lib/gcc/arm-none-eabi/9.3.1/../../../../arm-none-eabi/lib/thumb/v7e-m+fp/hard\libc_nano.a(lib_a-nano-mallocr.o)
 .ARM.attributes
                0x00000000000004e9       0x34 d:/programms/stm/stm32cubeide_1.6.1/stm32cubeide/plugins/com.st.stm32cube.ide.mcu.externaltools.gnu-tools-for-stm32.9-2020-q2-update.win32_2.0.0.202105311346/tools/bin/../lib/gcc/arm-none-eabi/9.3.1/../../../../arm-none-eabi/lib/thumb/v7e-m+fp/hard\libc_nano.a(lib_a-rand.o)
 .ARM.attributes
                0x000000000000051d       0x34 d:/programms/stm/stm32cubeide_1.6.1/stm32cubeide/plugins/com.st.stm32cube.ide.mcu.externaltools.gnu-tools-for-stm32.9-2020-q2-update.win32_2.0.0.202105311346/tools/bin/../lib/gcc/arm-none-eabi/9.3.1/../../../../arm-none-eabi/lib/thumb/v7e-m+fp/hard\libc_nano.a(lib_a-sbrkr.o)
 .ARM.attributes
                0x0000000000000551       0x34 d:/programms/stm/stm32cubeide_1.6.1/stm32cubeide/plugins/com.st.stm32cube.ide.mcu.externaltools.gnu-tools-for-stm32.9-2020-q2-update.win32_2.0.0.202105311346/tools/bin/../lib/gcc/arm-none-eabi/9.3.1/../../../../arm-none-eabi/lib/thumb/v7e-m+fp/hard\libc_nano.a(lib_a-assert.o)
 .ARM.attributes
                0x0000000000000585       0x34 d:/programms/stm/stm32cubeide_1.6.1/stm32cubeide/plugins/com.st.stm32cube.ide.mcu.externaltools.gnu-tools-for-stm32.9-2020-q2-update.win32_2.0.0.202105311346/tools/bin/../lib/gcc/arm-none-eabi/9.3.1/../../../../arm-none-eabi/lib/thumb/v7e-m+fp/hard\libc_nano.a(lib_a-fprintf.o)
 .ARM.attributes
                0x00000000000005b9       0x34 d:/programms/stm/stm32cubeide_1.6.1/stm32cubeide/plugins/com.st.stm32cube.ide.mcu.externaltools.gnu-tools-for-stm32.9-2020-q2-update.win32_2.0.0.202105311346/tools/bin/../lib/gcc/arm-none-eabi/9.3.1/../../../../arm-none-eabi/lib/thumb/v7e-m+fp/hard\libc_nano.a(lib_a-mlock.o)
 .ARM.attributes
                0x00000000000005ed       0x34 d:/programms/stm/stm32cubeide_1.6.1/stm32cubeide/plugins/com.st.stm32cube.ide.mcu.externaltools.gnu-tools-for-stm32.9-2020-q2-update.win32_2.0.0.202105311346/tools/bin/../lib/gcc/arm-none-eabi/9.3.1/../../../../arm-none-eabi/lib/thumb/v7e-m+fp/hard\libc_nano.a(lib_a-nano-vfprintf.o)
 .ARM.attributes
                0x0000000000000621       0x34 d:/programms/stm/stm32cubeide_1.6.1/stm32cubeide/plugins/com.st.stm32cube.ide.mcu.externaltools.gnu-tools-for-stm32.9-2020-q2-update.win32_2.0.0.202105311346/tools/bin/../lib/gcc/arm-none-eabi/9.3.1/../../../../arm-none-eabi/lib/thumb/v7e-m+fp/hard\libc_nano.a(lib_a-nano-vfprintf_i.o)
 .ARM.attributes
                0x0000000000000655       0x34 d:/programms/stm/stm32cubeide_1.6.1/stm32cubeide/plugins/com.st.stm32cube.ide.mcu.externaltools.gnu-tools-for-stm32.9-2020-q2-update.win32_2.0.0.202105311346/tools/bin/../lib/gcc/arm-none-eabi/9.3.1/../../../../arm-none-eabi/lib/thumb/v7e-m+fp/hard\libc_nano.a(lib_a-reent.o)
 .ARM.attributes
                0x0000000000000689       0x34 d:/programms/stm/stm32cubeide_1.6.1/stm32cubeide/plugins/com.st.stm32cube.ide.mcu.externaltools.gnu-tools-for-stm32.9-2020-q2-update.win32_2.0.0.202105311346/tools/bin/../lib/gcc/arm-none-eabi/9.3.1/../../../../arm-none-eabi/lib/thumb/v7e-m+fp/hard\libc_nano.a(lib_a-wbuf.o)
 .ARM.attributes
                0x00000000000006bd       0x34 d:/programms/stm/stm32cubeide_1.6.1/stm32cubeide/plugins/com.st.stm32cube.ide.mcu.externaltools.gnu-tools-for-stm32.9-2020-q2-update.win32_2.0.0.202105311346/tools/bin/../lib/gcc/arm-none-eabi/9.3.1/../../../../arm-none-eabi/lib/thumb/v7e-m+fp/hard\libc_nano.a(lib_a-wsetup.o)
 .ARM.attributes
                0x00000000000006f1       0x34 d:/programms/stm/stm32cubeide_1.6.1/stm32cubeide/plugins/com.st.stm32cube.ide.mcu.externaltools.gnu-tools-for-stm32.9-2020-q2-update.win32_2.0.0.202105311346/tools/bin/../lib/gcc/arm-none-eabi/9.3.1/../../../../arm-none-eabi/lib/thumb/v7e-m+fp/hard\libc_nano.a(lib_a-abort.o)
 .ARM.attributes
                0x0000000000000725       0x34 d:/programms/stm/stm32cubeide_1.6.1/stm32cubeide/plugins/com.st.stm32cube.ide.mcu.externaltools.gnu-tools-for-stm32.9-2020-q2-update.win32_2.0.0.202105311346/tools/bin/../lib/gcc/arm-none-eabi/9.3.1/../../../../arm-none-eabi/lib/thumb/v7e-m+fp/hard\libc_nano.a(lib_a-fflush.o)
 .ARM.attributes
                0x0000000000000759       0x34 d:/programms/stm/stm32cubeide_1.6.1/stm32cubeide/plugins/com.st.stm32cube.ide.mcu.externaltools.gnu-tools-for-stm32.9-2020-q2-update.win32_2.0.0.202105311346/tools/bin/../lib/gcc/arm-none-eabi/9.3.1/../../../../arm-none-eabi/lib/thumb/v7e-m+fp/hard\libc_nano.a(lib_a-findfp.o)
 .ARM.attributes
                0x000000000000078d       0x34 d:/programms/stm/stm32cubeide_1.6.1/stm32cubeide/plugins/com.st.stm32cube.ide.mcu.externaltools.gnu-tools-for-stm32.9-2020-q2-update.win32_2.0.0.202105311346/tools/bin/../lib/gcc/arm-none-eabi/9.3.1/../../../../arm-none-eabi/lib/thumb/v7e-m+fp/hard\libc_nano.a(lib_a-fwalk.o)
 .ARM.attributes
                0x00000000000007c1       0x34 d:/programms/stm/stm32cubeide_1.6.1/stm32cubeide/plugins/com.st.stm32cube.ide.mcu.externaltools.gnu-tools-for-stm32.9-2020-q2-update.win32_2.0.0.202105311346/tools/bin/../lib/gcc/arm-none-eabi/9.3.1/../../../../arm-none-eabi/lib/thumb/v7e-m+fp/hard\libc_nano.a(lib_a-lock.o)
 .ARM.attributes
                0x00000000000007f5       0x34 d:/programms/stm/stm32cubeide_1.6.1/stm32cubeide/plugins/com.st.stm32cube.ide.mcu.externaltools.gnu-tools-for-stm32.9-2020-q2-update.win32_2.0.0.202105311346/tools/bin/../lib/gcc/arm-none-eabi/9.3.1/../../../../arm-none-eabi/lib/thumb/v7e-m+fp/hard\libc_nano.a(lib_a-makebuf.o)
 .ARM.attributes
                0x0000000000000829       0x1c d:/programms/stm/stm32cubeide_1.6.1/stm32cubeide/plugins/com.st.stm32cube.ide.mcu.externaltools.gnu-tools-for-stm32.9-2020-q2-update.win32_2.0.0.202105311346/tools/bin/../lib/gcc/arm-none-eabi/9.3.1/../../../../arm-none-eabi/lib/thumb/v7e-m+fp/hard\libc_nano.a(lib_a-memchr.o)
 .ARM.attributes
                0x0000000000000845       0x34 d:/programms/stm/stm32cubeide_1.6.1/stm32cubeide/plugins/com.st.stm32cube.ide.mcu.externaltools.gnu-tools-for-stm32.9-2020-q2-update.win32_2.0.0.202105311346/tools/bin/../lib/gcc/arm-none-eabi/9.3.1/../../../../arm-none-eabi/lib/thumb/v7e-m+fp/hard\libc_nano.a(lib_a-signal.o)
 .ARM.attributes
                0x0000000000000879       0x34 d:/programms/stm/stm32cubeide_1.6.1/stm32cubeide/plugins/com.st.stm32cube.ide.mcu.externaltools.gnu-tools-for-stm32.9-2020-q2-update.win32_2.0.0.202105311346/tools/bin/../lib/gcc/arm-none-eabi/9.3.1/../../../../arm-none-eabi/lib/thumb/v7e-m+fp/hard\libc_nano.a(lib_a-signalr.o)
 .ARM.attributes
                0x00000000000008ad       0x34 d:/programms/stm/stm32cubeide_1.6.1/stm32cubeide/plugins/com.st.stm32cube.ide.mcu.externaltools.gnu-tools-for-stm32.9-2020-q2-update.win32_2.0.0.202105311346/tools/bin/../lib/gcc/arm-none-eabi/9.3.1/../../../../arm-none-eabi/lib/thumb/v7e-m+fp/hard\libc_nano.a(lib_a-stdio.o)
 .ARM.attributes
                0x00000000000008e1       0x34 d:/programms/stm/stm32cubeide_1.6.1/stm32cubeide/plugins/com.st.stm32cube.ide.mcu.externaltools.gnu-tools-for-stm32.9-2020-q2-update.win32_2.0.0.202105311346/tools/bin/../lib/gcc/arm-none-eabi/9.3.1/../../../../arm-none-eabi/lib/thumb/v7e-m+fp/hard\libc_nano.a(lib_a-writer.o)
 .ARM.attributes
                0x0000000000000915       0x34 d:/programms/stm/stm32cubeide_1.6.1/stm32cubeide/plugins/com.st.stm32cube.ide.mcu.externaltools.gnu-tools-for-stm32.9-2020-q2-update.win32_2.0.0.202105311346/tools/bin/../lib/gcc/arm-none-eabi/9.3.1/../../../../arm-none-eabi/lib/thumb/v7e-m+fp/hard\libc_nano.a(lib_a-closer.o)
 .ARM.attributes
                0x0000000000000949       0x34 d:/programms/stm/stm32cubeide_1.6.1/stm32cubeide/plugins/com.st.stm32cube.ide.mcu.externaltools.gnu-tools-for-stm32.9-2020-q2-update.win32_2.0.0.202105311346/tools/bin/../lib/gcc/arm-none-eabi/9.3.1/../../../../arm-none-eabi/lib/thumb/v7e-m+fp/hard\libc_nano.a(lib_a-fstatr.o)
 .ARM.attributes
                0x000000000000097d       0x34 d:/programms/stm/stm32cubeide_1.6.1/stm32cubeide/plugins/com.st.stm32cube.ide.mcu.externaltools.gnu-tools-for-stm32.9-2020-q2-update.win32_2.0.0.202105311346/tools/bin/../lib/gcc/arm-none-eabi/9.3.1/../../../../arm-none-eabi/lib/thumb/v7e-m+fp/hard\libc_nano.a(lib_a-isattyr.o)
 .ARM.attributes
                0x00000000000009b1       0x34 d:/programms/stm/stm32cubeide_1.6.1/stm32cubeide/plugins/com.st.stm32cube.ide.mcu.externaltools.gnu-tools-for-stm32.9-2020-q2-update.win32_2.0.0.202105311346/tools/bin/../lib/gcc/arm-none-eabi/9.3.1/../../../../arm-none-eabi/lib/thumb/v7e-m+fp/hard\libc_nano.a(lib_a-lseekr.o)
 .ARM.attributes
                0x00000000000009e5       0x34 d:/programms/stm/stm32cubeide_1.6.1/stm32cubeide/plugins/com.st.stm32cube.ide.mcu.externaltools.gnu-tools-for-stm32.9-2020-q2-update.win32_2.0.0.202105311346/tools/bin/../lib/gcc/arm-none-eabi/9.3.1/../../../../arm-none-eabi/lib/thumb/v7e-m+fp/hard\libc_nano.a(lib_a-readr.o)
 .ARM.attributes
                0x0000000000000a19       0x1e d:/programms/stm/stm32cubeide_1.6.1/stm32cubeide/plugins/com.st.stm32cube.ide.mcu.externaltools.gnu-tools-for-stm32.9-2020-q2-update.win32_2.0.0.202105311346/tools/bin/../lib/gcc/arm-none-eabi/9.3.1/thumb/v7e-m+fp/hard\libgcc.a(_aeabi_uldivmod.o)
 .ARM.attributes
                0x0000000000000a37       0x34 d:/programms/stm/stm32cubeide_1.6.1/stm32cubeide/plugins/com.st.stm32cube.ide.mcu.externaltools.gnu-tools-for-stm32.9-2020-q2-update.win32_2.0.0.202105311346/tools/bin/../lib/gcc/arm-none-eabi/9.3.1/thumb/v7e-m+fp/hard\libgcc.a(_udivmoddi4.o)
 .ARM.attributes
                0x0000000000000a6b       0x1e d:/programms/stm/stm32cubeide_1.6.1/stm32cubeide/plugins/com.st.stm32cube.ide.mcu.externaltools.gnu-tools-for-stm32.9-2020-q2-update.win32_2.0.0.202105311346/tools/bin/../lib/gcc/arm-none-eabi/9.3.1/thumb/v7e-m+fp/hard\libgcc.a(_dvmd_tls.o)
 .ARM.attributes
                0x0000000000000a89       0x1e d:/programms/stm/stm32cubeide_1.6.1/stm32cubeide/plugins/com.st.stm32cube.ide.mcu.externaltools.gnu-tools-for-stm32.9-2020-q2-update.win32_2.0.0.202105311346/tools/bin/../lib/gcc/arm-none-eabi/9.3.1/thumb/v7e-m+fp/hard/crtn.o
OUTPUT(LED_MATRIX.elf elf32-littlearm)
LOAD linker stubs
LOAD d:/programms/stm/stm32cubeide_1.6.1/stm32cubeide/plugins/com.st.stm32cube.ide.mcu.externaltools.gnu-tools-for-stm32.9-2020-q2-update.win32_2.0.0.202105311346/tools/bin/../lib/gcc/arm-none-eabi/9.3.1/../../../../arm-none-eabi/lib/thumb/v7e-m+fp/hard\libc.a
LOAD d:/programms/stm/stm32cubeide_1.6.1/stm32cubeide/plugins/com.st.stm32cube.ide.mcu.externaltools.gnu-tools-for-stm32.9-2020-q2-update.win32_2.0.0.202105311346/tools/bin/../lib/gcc/arm-none-eabi/9.3.1/../../../../arm-none-eabi/lib/thumb/v7e-m+fp/hard\libm.a
LOAD d:/programms/stm/stm32cubeide_1.6.1/stm32cubeide/plugins/com.st.stm32cube.ide.mcu.externaltools.gnu-tools-for-stm32.9-2020-q2-update.win32_2.0.0.202105311346/tools/bin/../lib/gcc/arm-none-eabi/9.3.1/thumb/v7e-m+fp/hard\libgcc.a

.debug_info     0x0000000000000000    0x10f92
 .debug_info    0x0000000000000000      0xbfe ./Core/Src/fonts.o
 .debug_info    0x0000000000000bfe     0x2b78 ./Core/Src/main.o
 .debug_info    0x0000000000003776     0x2bde ./Core/Src/ssd1306.o
 .debug_info    0x0000000000006354      0xf23 ./Core/Src/stm32f4xx_hal_msp.o
 .debug_info    0x0000000000007277      0x376 ./Core/Src/stm32f4xx_it.o
 .debug_info    0x00000000000075ed     0x10a9 ./Core/Src/syscalls.o
 .debug_info    0x0000000000008696      0xa3e ./Core/Src/sysmem.o
 .debug_info    0x00000000000090d4      0x5d9 ./Core/Src/system_stm32f4xx.o
 .debug_info    0x00000000000096ad       0x22 ./Core/Startup/startup_stm32f429zitx.o
 .debug_info    0x00000000000096cf      0xaf5 ./Drivers/STM32F4xx_HAL_Driver/Src/stm32f4xx_hal.o
 .debug_info    0x000000000000a1c4     0x118e ./Drivers/STM32F4xx_HAL_Driver/Src/stm32f4xx_hal_cortex.o
 .debug_info    0x000000000000b352      0x8a4 ./Drivers/STM32F4xx_HAL_Driver/Src/stm32f4xx_hal_gpio.o
 .debug_info    0x000000000000bbf6     0x3a1e ./Drivers/STM32F4xx_HAL_Driver/Src/stm32f4xx_hal_i2c.o
 .debug_info    0x000000000000f614      0x7a3 ./Drivers/STM32F4xx_HAL_Driver/Src/stm32f4xx_hal_i2c_ex.o
 .debug_info    0x000000000000fdb7      0xb7d ./Drivers/STM32F4xx_HAL_Driver/Src/stm32f4xx_hal_rcc.o
 .debug_info    0x0000000000010934      0x65e ./Drivers/STM32F4xx_HAL_Driver/Src/stm32f4xx_hal_rng.o

.debug_abbrev   0x0000000000000000     0x23ae
 .debug_abbrev  0x0000000000000000      0x238 ./Core/Src/fonts.o
 .debug_abbrev  0x0000000000000238      0x3cd ./Core/Src/main.o
 .debug_abbrev  0x0000000000000605      0x3b4 ./Core/Src/ssd1306.o
 .debug_abbrev  0x00000000000009b9      0x1e8 ./Core/Src/stm32f4xx_hal_msp.o
 .debug_abbrev  0x0000000000000ba1      0x15d ./Core/Src/stm32f4xx_it.o
 .debug_abbrev  0x0000000000000cfe      0x2ac ./Core/Src/syscalls.o
 .debug_abbrev  0x0000000000000faa      0x203 ./Core/Src/sysmem.o
 .debug_abbrev  0x00000000000011ad      0x14b ./Core/Src/system_stm32f4xx.o
 .debug_abbrev  0x00000000000012f8       0x12 ./Core/Startup/startup_stm32f429zitx.o
 .debug_abbrev  0x000000000000130a      0x21c ./Drivers/STM32F4xx_HAL_Driver/Src/stm32f4xx_hal.o
 .debug_abbrev  0x0000000000001526      0x393 ./Drivers/STM32F4xx_HAL_Driver/Src/stm32f4xx_hal_cortex.o
 .debug_abbrev  0x00000000000018b9      0x21f ./Drivers/STM32F4xx_HAL_Driver/Src/stm32f4xx_hal_gpio.o
 .debug_abbrev  0x0000000000001ad8      0x2ae ./Drivers/STM32F4xx_HAL_Driver/Src/stm32f4xx_hal_i2c.o
 .debug_abbrev  0x0000000000001d86      0x191 ./Drivers/STM32F4xx_HAL_Driver/Src/stm32f4xx_hal_i2c_ex.o
 .debug_abbrev  0x0000000000001f17      0x2b1 ./Drivers/STM32F4xx_HAL_Driver/Src/stm32f4xx_hal_rcc.o
 .debug_abbrev  0x00000000000021c8      0x1e6 ./Drivers/STM32F4xx_HAL_Driver/Src/stm32f4xx_hal_rng.o

.debug_loc      0x0000000000000000     0x7767
 .debug_loc     0x0000000000000000       0x69 ./Core/Src/fonts.o
 .debug_loc     0x0000000000000069      0x3d2 ./Core/Src/main.o
 .debug_loc     0x000000000000043b     0x13f3 ./Core/Src/ssd1306.o
 .debug_loc     0x000000000000182e       0xce ./Core/Src/stm32f4xx_hal_msp.o
 .debug_loc     0x00000000000018fc      0x3c5 ./Core/Src/syscalls.o
 .debug_loc     0x0000000000001cc1       0x64 ./Core/Src/sysmem.o
 .debug_loc     0x0000000000001d25      0x16c ./Core/Src/system_stm32f4xx.o
 .debug_loc     0x0000000000001e91      0x141 ./Drivers/STM32F4xx_HAL_Driver/Src/stm32f4xx_hal.o
 .debug_loc     0x0000000000001fd2      0x744 ./Drivers/STM32F4xx_HAL_Driver/Src/stm32f4xx_hal_cortex.o
 .debug_loc     0x0000000000002716      0x513 ./Drivers/STM32F4xx_HAL_Driver/Src/stm32f4xx_hal_gpio.o
 .debug_loc     0x0000000000002c29     0x4108 ./Drivers/STM32F4xx_HAL_Driver/Src/stm32f4xx_hal_i2c.o
 .debug_loc     0x0000000000006d31       0xfe ./Drivers/STM32F4xx_HAL_Driver/Src/stm32f4xx_hal_i2c_ex.o
 .debug_loc     0x0000000000006e2f      0x56f ./Drivers/STM32F4xx_HAL_Driver/Src/stm32f4xx_hal_rcc.o
 .debug_loc     0x000000000000739e      0x3c9 ./Drivers/STM32F4xx_HAL_Driver/Src/stm32f4xx_hal_rng.o

.debug_aranges  0x0000000000000000      0x928
 .debug_aranges
                0x0000000000000000       0x20 ./Core/Src/fonts.o
 .debug_aranges
                0x0000000000000020       0x78 ./Core/Src/main.o
 .debug_aranges
                0x0000000000000098       0xf8 ./Core/Src/ssd1306.o
 .debug_aranges
                0x0000000000000190       0x40 ./Core/Src/stm32f4xx_hal_msp.o
 .debug_aranges
                0x00000000000001d0       0x68 ./Core/Src/stm32f4xx_it.o
 .debug_aranges
                0x0000000000000238       0xa8 ./Core/Src/syscalls.o
 .debug_aranges
                0x00000000000002e0       0x20 ./Core/Src/sysmem.o
 .debug_aranges
                0x0000000000000300       0x28 ./Core/Src/system_stm32f4xx.o
 .debug_aranges
                0x0000000000000328       0x28 ./Core/Startup/startup_stm32f429zitx.o
 .debug_aranges
                0x0000000000000350      0x100 ./Drivers/STM32F4xx_HAL_Driver/Src/stm32f4xx_hal.o
 .debug_aranges
                0x0000000000000450       0xa8 ./Drivers/STM32F4xx_HAL_Driver/Src/stm32f4xx_hal_cortex.o
 .debug_aranges
                0x00000000000004f8       0x58 ./Drivers/STM32F4xx_HAL_Driver/Src/stm32f4xx_hal_gpio.o
 .debug_aranges
                0x0000000000000550      0x2a0 ./Drivers/STM32F4xx_HAL_Driver/Src/stm32f4xx_hal_i2c.o
 .debug_aranges
                0x00000000000007f0       0x28 ./Drivers/STM32F4xx_HAL_Driver/Src/stm32f4xx_hal_i2c_ex.o
 .debug_aranges
                0x0000000000000818       0x88 ./Drivers/STM32F4xx_HAL_Driver/Src/stm32f4xx_hal_rcc.o
 .debug_aranges
                0x00000000000008a0       0x88 ./Drivers/STM32F4xx_HAL_Driver/Src/stm32f4xx_hal_rng.o

.debug_ranges   0x0000000000000000      0x958
 .debug_ranges  0x0000000000000000       0x10 ./Core/Src/fonts.o
 .debug_ranges  0x0000000000000010       0xc8 ./Core/Src/main.o
 .debug_ranges  0x00000000000000d8      0x120 ./Core/Src/ssd1306.o
 .debug_ranges  0x00000000000001f8       0x30 ./Core/Src/stm32f4xx_hal_msp.o
 .debug_ranges  0x0000000000000228       0x58 ./Core/Src/stm32f4xx_it.o
 .debug_ranges  0x0000000000000280       0x98 ./Core/Src/syscalls.o
 .debug_ranges  0x0000000000000318       0x10 ./Core/Src/sysmem.o
 .debug_ranges  0x0000000000000328       0x18 ./Core/Src/system_stm32f4xx.o
 .debug_ranges  0x0000000000000340       0x20 ./Core/Startup/startup_stm32f429zitx.o
 .debug_ranges  0x0000000000000360       0xf0 ./Drivers/STM32F4xx_HAL_Driver/Src/stm32f4xx_hal.o
 .debug_ranges  0x0000000000000450       0xf8 ./Drivers/STM32F4xx_HAL_Driver/Src/stm32f4xx_hal_cortex.o
 .debug_ranges  0x0000000000000548       0x48 ./Drivers/STM32F4xx_HAL_Driver/Src/stm32f4xx_hal_gpio.o
 .debug_ranges  0x0000000000000590      0x2a8 ./Drivers/STM32F4xx_HAL_Driver/Src/stm32f4xx_hal_i2c.o
 .debug_ranges  0x0000000000000838       0x18 ./Drivers/STM32F4xx_HAL_Driver/Src/stm32f4xx_hal_i2c_ex.o
 .debug_ranges  0x0000000000000850       0x90 ./Drivers/STM32F4xx_HAL_Driver/Src/stm32f4xx_hal_rcc.o
 .debug_ranges  0x00000000000008e0       0x78 ./Drivers/STM32F4xx_HAL_Driver/Src/stm32f4xx_hal_rng.o

.debug_macro    0x0000000000000000    0x2426f
 .debug_macro   0x0000000000000000      0x2ab ./Core/Src/fonts.o
 .debug_macro   0x00000000000002ab      0xaa8 ./Core/Src/fonts.o
 .debug_macro   0x0000000000000d53      0x29b ./Core/Src/fonts.o
 .debug_macro   0x0000000000000fee       0x2e ./Core/Src/fonts.o
 .debug_macro   0x000000000000101c       0x28 ./Core/Src/fonts.o
 .debug_macro   0x0000000000001044       0x22 ./Core/Src/fonts.o
 .debug_macro   0x0000000000001066       0x8e ./Core/Src/fonts.o
 .debug_macro   0x00000000000010f4       0x51 ./Core/Src/fonts.o
 .debug_macro   0x0000000000001145      0x103 ./Core/Src/fonts.o
 .debug_macro   0x0000000000001248       0x6a ./Core/Src/fonts.o
 .debug_macro   0x00000000000012b2      0x1df ./Core/Src/fonts.o
 .debug_macro   0x0000000000001491       0x1c ./Core/Src/fonts.o
 .debug_macro   0x00000000000014ad       0x22 ./Core/Src/fonts.o
 .debug_macro   0x00000000000014cf       0xdf ./Core/Src/fonts.o
 .debug_macro   0x00000000000015ae     0x102d ./Core/Src/fonts.o
 .debug_macro   0x00000000000025db      0x11f ./Core/Src/fonts.o
 .debug_macro   0x00000000000026fa    0x17f91 ./Core/Src/fonts.o
 .debug_macro   0x000000000001a68b       0x6d ./Core/Src/fonts.o
 .debug_macro   0x000000000001a6f8     0x36dd ./Core/Src/fonts.o
 .debug_macro   0x000000000001ddd5      0x174 ./Core/Src/fonts.o
 .debug_macro   0x000000000001df49       0x5c ./Core/Src/fonts.o
 .debug_macro   0x000000000001dfa5      0xca5 ./Core/Src/fonts.o
 .debug_macro   0x000000000001ec4a      0x9fe ./Core/Src/fonts.o
 .debug_macro   0x000000000001f648      0x116 ./Core/Src/fonts.o
 .debug_macro   0x000000000001f75e      0x157 ./Core/Src/fonts.o
 .debug_macro   0x000000000001f8b5       0xa5 ./Core/Src/fonts.o
 .debug_macro   0x000000000001f95a      0x182 ./Core/Src/fonts.o
 .debug_macro   0x000000000001fadc      0x287 ./Core/Src/fonts.o
 .debug_macro   0x000000000001fd63       0x5f ./Core/Src/fonts.o
 .debug_macro   0x000000000001fdc2      0x236 ./Core/Src/fonts.o
 .debug_macro   0x000000000001fff8      0x132 ./Core/Src/fonts.o
 .debug_macro   0x000000000002012a      0x41d ./Core/Src/fonts.o
 .debug_macro   0x0000000000020547       0x2e ./Core/Src/fonts.o
 .debug_macro   0x0000000000020575      0x1b5 ./Core/Src/fonts.o
 .debug_macro   0x000000000002072a       0x22 ./Core/Src/fonts.o
 .debug_macro   0x000000000002074c       0xd6 ./Core/Src/fonts.o
 .debug_macro   0x0000000000020822      0x11a ./Core/Src/fonts.o
 .debug_macro   0x000000000002093c       0xe2 ./Core/Src/fonts.o
 .debug_macro   0x0000000000020a1e       0x89 ./Core/Src/fonts.o
 .debug_macro   0x0000000000020aa7       0xa4 ./Core/Src/fonts.o
 .debug_macro   0x0000000000020b4b      0x134 ./Core/Src/fonts.o
 .debug_macro   0x0000000000020c7f       0x52 ./Core/Src/fonts.o
 .debug_macro   0x0000000000020cd1       0x18 ./Core/Src/fonts.o
 .debug_macro   0x0000000000020ce9       0x3c ./Core/Src/fonts.o
 .debug_macro   0x0000000000020d25       0x34 ./Core/Src/fonts.o
 .debug_macro   0x0000000000020d59       0x16 ./Core/Src/fonts.o
 .debug_macro   0x0000000000020d6f       0x43 ./Core/Src/fonts.o
 .debug_macro   0x0000000000020db2       0x34 ./Core/Src/fonts.o
 .debug_macro   0x0000000000020de6       0x10 ./Core/Src/fonts.o
 .debug_macro   0x0000000000020df6       0x58 ./Core/Src/fonts.o
 .debug_macro   0x0000000000020e4e       0x71 ./Core/Src/fonts.o
 .debug_macro   0x0000000000020ebf       0x1c ./Core/Src/fonts.o
 .debug_macro   0x0000000000020edb      0x12a ./Core/Src/fonts.o
 .debug_macro   0x0000000000021005      0x333 ./Core/Src/fonts.o
 .debug_macro   0x0000000000021338       0x10 ./Core/Src/fonts.o
 .debug_macro   0x0000000000021348       0x35 ./Core/Src/fonts.o
 .debug_macro   0x000000000002137d       0x20 ./Core/Src/fonts.o
 .debug_macro   0x000000000002139d      0x30b ./Core/Src/main.o
 .debug_macro   0x00000000000216a8       0xe8 ./Core/Src/main.o
 .debug_macro   0x0000000000021790       0x16 ./Core/Src/main.o
 .debug_macro   0x00000000000217a6       0x16 ./Core/Src/main.o
 .debug_macro   0x00000000000217bc       0x29 ./Core/Src/main.o
 .debug_macro   0x00000000000217e5       0x1d ./Core/Src/main.o